
> neurmatic-frontend@0.0.0 build
> tsc -b && vite build

src/components/news/ArticleCard.test.tsx(262,64): error TS2322: Type 'Mock<() => Promise<unknown>>' is not assignable to type '((articleId: string, isBookmarked: boolean) => Promise<void>) | undefined'.
  Type 'Mock<() => Promise<unknown>>' is not assignable to type '(articleId: string, isBookmarked: boolean) => Promise<void>'.
    Type 'Promise<unknown>' is not assignable to type 'Promise<void>'.
      Type 'unknown' is not assignable to type 'void'.
src/components/news/ArticleCard.tsx(6,1): error TS6133: 'Article' is declared but its value is never read.
src/components/news/ArticleCard.tsx(65,11): error TS6133: 'user' is declared but its value is never read.
src/components/news/ArticleCardSkeleton.tsx(2,1): error TS6133: 'cn' is declared but its value is never read.
src/examples/SEO_USAGE_EXAMPLES.tsx(409,9): error TS6133: 'totalPages' is declared but its value is never read.
src/features/admin/analytics/components/AnalyticsMetricsCards.tsx(24,9): error TS6133: 'formatNumber' is declared but its value is never read.
src/features/admin/analytics/components/__tests__/CustomReportBuilder.test.tsx(2,37): error TS6133: 'waitFor' is declared but its value is never read.
src/features/admin/analytics/components/charts/RevenueCharts.tsx(104,19): error TS2322: Type 'RevenuePlanBreakdown[]' is not assignable to type 'ChartDataInput[]'.
  Type 'RevenuePlanBreakdown' is not assignable to type 'ChartDataInput'.
    Index signature for type 'string' is missing in type 'RevenuePlanBreakdown'.
src/features/admin/analytics/components/charts/RevenueCharts.tsx(108,61): error TS18046: 'percent' is of type 'unknown'.
src/features/admin/analytics/components/charts/RevenueCharts.tsx(113,47): error TS6133: 'entry' is declared but its value is never read.
src/features/admin/analytics/components/charts/TrafficSourcesChart.tsx(2,61): error TS6133: 'Legend' is declared but its value is never read.
src/features/admin/analytics/components/charts/TrafficSourcesChart.tsx(42,19): error TS2322: Type 'TrafficSource[]' is not assignable to type 'ChartDataInput[]'.
  Type 'TrafficSource' is not assignable to type 'ChartDataInput'.
    Index signature for type 'string' is missing in type 'TrafficSource'.
src/features/admin/analytics/components/charts/TrafficSourcesChart.tsx(46,50): error TS18046: 'percentage' is of type 'unknown'.
src/features/admin/analytics/components/charts/TrafficSourcesChart.tsx(51,33): error TS6133: 'entry' is declared but its value is never read.
src/features/admin/analytics/components/charts/UserGrowthChart.tsx(73,9): error TS6133: 'DataComponent' is declared but its value is never read.
src/features/admin/analytics/pages/AnalyticsDashboard.tsx(91,18): error TS2339: Property 'engagement' does not exist on type '{}'.
src/features/admin/analytics/pages/AnalyticsDashboard.tsx(91,42): error TS2339: Property 'revenue' does not exist on type '{}'.
src/features/admin/analytics/pages/AnalyticsDashboard.tsx(93,33): error TS2339: Property 'engagement' does not exist on type '{}'.
src/features/admin/analytics/pages/AnalyticsDashboard.tsx(94,30): error TS2339: Property 'revenue' does not exist on type '{}'.
src/features/admin/analytics/pages/AnalyticsDashboard.tsx(99,18): error TS2339: Property 'userGrowth' does not exist on type '{}'.
src/features/admin/analytics/pages/AnalyticsDashboard.tsx(99,42): error TS2339: Property 'userGrowth' does not exist on type '{}'.
src/features/admin/analytics/pages/AnalyticsDashboard.tsx(100,42): error TS2339: Property 'userGrowth' does not exist on type '{}'.
src/features/admin/analytics/pages/AnalyticsDashboard.tsx(104,18): error TS2339: Property 'contentPerformance' does not exist on type '{}'.
src/features/admin/analytics/pages/AnalyticsDashboard.tsx(105,48): error TS2339: Property 'contentPerformance' does not exist on type '{}'.
src/features/admin/analytics/pages/AnalyticsDashboard.tsx(109,18): error TS2339: Property 'revenue' does not exist on type '{}'.
src/features/admin/analytics/pages/AnalyticsDashboard.tsx(110,43): error TS2339: Property 'revenue' does not exist on type '{}'.
src/features/admin/analytics/pages/AnalyticsDashboard.tsx(115,20): error TS2339: Property 'trafficSources' does not exist on type '{}'.
src/features/admin/analytics/pages/AnalyticsDashboard.tsx(115,48): error TS2339: Property 'trafficSources' does not exist on type '{}'.
src/features/admin/analytics/pages/AnalyticsDashboard.tsx(116,51): error TS2339: Property 'trafficSources' does not exist on type '{}'.
src/features/admin/analytics/pages/AnalyticsDashboard.tsx(118,20): error TS2339: Property 'topContributors' does not exist on type '{}'.
src/features/admin/analytics/pages/AnalyticsDashboard.tsx(118,49): error TS2339: Property 'topContributors' does not exist on type '{}'.
src/features/admin/analytics/pages/AnalyticsDashboard.tsx(119,52): error TS2339: Property 'topContributors' does not exist on type '{}'.
src/features/admin/components/EmailSettings.tsx(15,15): error TS2395: Individual declarations in merged declaration 'EmailSettings' must be all exported or all local.
src/features/admin/components/EmailSettings.tsx(56,14): error TS2395: Individual declarations in merged declaration 'EmailSettings' must be all exported or all local.
src/features/admin/components/GeneralSettings.tsx(18,15): error TS2395: Individual declarations in merged declaration 'GeneralSettings' must be all exported or all local.
src/features/admin/components/GeneralSettings.tsx(26,14): error TS2395: Individual declarations in merged declaration 'GeneralSettings' must be all exported or all local.
src/features/admin/components/GeneralSettings.tsx(38,26): error TS6133: 'isDirty' is declared but its value is never read.
src/features/admin/components/IntegrationSettings.tsx(18,15): error TS2395: Individual declarations in merged declaration 'IntegrationSettings' must be all exported or all local.
src/features/admin/components/IntegrationSettings.tsx(59,14): error TS2395: Individual declarations in merged declaration 'IntegrationSettings' must be all exported or all local.
src/features/admin/components/SecuritySettings.tsx(18,15): error TS2395: Individual declarations in merged declaration 'SecuritySettings' must be all exported or all local.
src/features/admin/components/SecuritySettings.tsx(57,14): error TS2395: Individual declarations in merged declaration 'SecuritySettings' must be all exported or all local.
src/features/admin/components/SuspendUserModal.tsx(110,14): error TS2741: Property 'options' is missing in type '{ children: Element[]; className: string; onChange: ChangeHandler; onBlur: ChangeHandler; ref: RefCallBack; name: "duration"; min?: string | number | undefined; ... 6 more ...; id: string; }' but required in type 'SelectProps'.
src/features/admin/components/UserActionsDropdown.tsx(4,3): error TS6133: 'Mail' is declared but its value is never read.
src/features/admin/components/UserTable.tsx(65,3): error TS6133: 'selectedUsers' is declared but its value is never read.
src/features/admin/components/__tests__/ReviewPanel.test.tsx(7,8): error TS1192: Module '"/home/user/NEURM/frontend/src/features/admin/components/ReviewPanel"' has no default export.
src/features/admin/components/__tests__/ReviewPanel.test.tsx(18,3): error TS2820: Type '"ARTICLE"' is not assignable to type 'ContentType'. Did you mean '"article"'?
src/features/admin/components/__tests__/ReviewPanel.test.tsx(23,5): error TS2353: Object literal may only specify known properties, and 'username' does not exist in type '{ id: string; displayName: string; avatarUrl?: string | undefined; reputation: number; }'.
src/features/admin/components/__tests__/ReviewPanel.test.tsx(26,3): error TS2820: Type '"PENDING"' is not assignable to type 'ContentStatus'. Did you mean '"pending"'?
src/features/admin/components/__tests__/ReviewPanel.test.tsx(39,3): error TS2322: Type 'Date' is not assignable to type 'string'.
src/features/admin/components/__tests__/ReviewPanel.test.tsx(42,1): error TS2593: Cannot find name 'describe'. Do you need to install type definitions for a test runner? Try `npm i --save-dev @types/jest` or `npm i --save-dev @types/mocha` and then add 'jest' or 'mocha' to the types field in your tsconfig.
src/features/admin/components/__tests__/ReviewPanel.test.tsx(43,3): error TS2304: Cannot find name 'beforeEach'.
src/features/admin/components/__tests__/ReviewPanel.test.tsx(47,3): error TS2593: Cannot find name 'it'. Do you need to install type definitions for a test runner? Try `npm i --save-dev @types/jest` or `npm i --save-dev @types/mocha` and then add 'jest' or 'mocha' to the types field in your tsconfig.
src/features/admin/components/__tests__/ReviewPanel.test.tsx(60,5): error TS2304: Cannot find name 'expect'.
src/features/admin/components/__tests__/ReviewPanel.test.tsx(61,5): error TS2304: Cannot find name 'expect'.
src/features/admin/components/__tests__/ReviewPanel.test.tsx(62,5): error TS2304: Cannot find name 'expect'.
src/features/admin/components/__tests__/ReviewPanel.test.tsx(65,3): error TS2593: Cannot find name 'it'. Do you need to install type definitions for a test runner? Try `npm i --save-dev @types/jest` or `npm i --save-dev @types/mocha` and then add 'jest' or 'mocha' to the types field in your tsconfig.
src/features/admin/components/__tests__/ReviewPanel.test.tsx(79,5): error TS2304: Cannot find name 'expect'.
src/features/admin/components/__tests__/ReviewPanel.test.tsx(80,5): error TS2304: Cannot find name 'expect'.
src/features/admin/components/__tests__/ReviewPanel.test.tsx(83,3): error TS2593: Cannot find name 'it'. Do you need to install type definitions for a test runner? Try `npm i --save-dev @types/jest` or `npm i --save-dev @types/mocha` and then add 'jest' or 'mocha' to the types field in your tsconfig.
src/features/admin/components/__tests__/ReviewPanel.test.tsx(96,5): error TS2304: Cannot find name 'expect'.
src/features/admin/components/__tests__/ReviewPanel.test.tsx(97,5): error TS2304: Cannot find name 'expect'.
src/features/admin/components/__tests__/ReviewPanel.test.tsx(100,3): error TS2593: Cannot find name 'it'. Do you need to install type definitions for a test runner? Try `npm i --save-dev @types/jest` or `npm i --save-dev @types/mocha` and then add 'jest' or 'mocha' to the types field in your tsconfig.
src/features/admin/components/__tests__/ReviewPanel.test.tsx(116,5): error TS2304: Cannot find name 'expect'.
src/features/admin/components/__tests__/ReviewPanel.test.tsx(119,3): error TS2593: Cannot find name 'it'. Do you need to install type definitions for a test runner? Try `npm i --save-dev @types/jest` or `npm i --save-dev @types/mocha` and then add 'jest' or 'mocha' to the types field in your tsconfig.
src/features/admin/components/__tests__/ReviewPanel.test.tsx(143,7): error TS2304: Cannot find name 'expect'.
src/features/admin/components/__tests__/ReviewPanel.test.tsx(147,3): error TS2593: Cannot find name 'it'. Do you need to install type definitions for a test runner? Try `npm i --save-dev @types/jest` or `npm i --save-dev @types/mocha` and then add 'jest' or 'mocha' to the types field in your tsconfig.
src/features/admin/components/__tests__/ReviewPanel.test.tsx(163,5): error TS2304: Cannot find name 'expect'.
src/features/admin/components/__tests__/ReviewPanel.test.tsx(166,3): error TS2593: Cannot find name 'it'. Do you need to install type definitions for a test runner? Try `npm i --save-dev @types/jest` or `npm i --save-dev @types/mocha` and then add 'jest' or 'mocha' to the types field in your tsconfig.
src/features/admin/components/__tests__/ReviewPanel.test.tsx(184,5): error TS2304: Cannot find name 'expect'.
src/features/admin/components/__tests__/ReviewPanel.test.tsx(190,7): error TS2304: Cannot find name 'expect'.
src/features/admin/components/__tests__/ReviewPanel.test.tsx(194,3): error TS2593: Cannot find name 'it'. Do you need to install type definitions for a test runner? Try `npm i --save-dev @types/jest` or `npm i --save-dev @types/mocha` and then add 'jest' or 'mocha' to the types field in your tsconfig.
src/features/admin/components/__tests__/ReviewPanel.test.tsx(213,5): error TS2304: Cannot find name 'expect'.
src/features/admin/components/__tests__/ReviewPanel.test.tsx(216,5): error TS2304: Cannot find name 'expect'.
src/features/admin/components/__tests__/ReviewPanel.test.tsx(219,3): error TS2593: Cannot find name 'it'. Do you need to install type definitions for a test runner? Try `npm i --save-dev @types/jest` or `npm i --save-dev @types/mocha` and then add 'jest' or 'mocha' to the types field in your tsconfig.
src/features/admin/components/__tests__/ReviewPanel.test.tsx(235,5): error TS2304: Cannot find name 'expect'.
src/features/admin/components/__tests__/ReviewPanel.test.tsx(238,3): error TS2593: Cannot find name 'it'. Do you need to install type definitions for a test runner? Try `npm i --save-dev @types/jest` or `npm i --save-dev @types/mocha` and then add 'jest' or 'mocha' to the types field in your tsconfig.
src/features/admin/components/__tests__/ReviewPanel.test.tsx(251,5): error TS2304: Cannot find name 'expect'.
src/features/admin/components/__tests__/ReviewPanel.test.tsx(254,3): error TS2593: Cannot find name 'it'. Do you need to install type definitions for a test runner? Try `npm i --save-dev @types/jest` or `npm i --save-dev @types/mocha` and then add 'jest' or 'mocha' to the types field in your tsconfig.
src/features/admin/components/__tests__/ReviewPanel.test.tsx(268,5): error TS2304: Cannot find name 'expect'.
src/features/admin/components/__tests__/ReviewPanel.test.tsx(271,3): error TS2593: Cannot find name 'it'. Do you need to install type definitions for a test runner? Try `npm i --save-dev @types/jest` or `npm i --save-dev @types/mocha` and then add 'jest' or 'mocha' to the types field in your tsconfig.
src/features/admin/components/__tests__/ReviewPanel.test.tsx(290,5): error TS2304: Cannot find name 'expect'.
src/features/admin/components/__tests__/UserActionsDropdown.test.tsx(8,15): error TS2305: Module '"../../types"' has no exported member 'User'.
src/features/admin/components/__tests__/UserActionsDropdown.test.tsx(28,1): error TS2593: Cannot find name 'describe'. Do you need to install type definitions for a test runner? Try `npm i --save-dev @types/jest` or `npm i --save-dev @types/mocha` and then add 'jest' or 'mocha' to the types field in your tsconfig.
src/features/admin/components/__tests__/UserActionsDropdown.test.tsx(29,3): error TS2304: Cannot find name 'beforeEach'.
src/features/admin/components/__tests__/UserActionsDropdown.test.tsx(33,3): error TS2593: Cannot find name 'it'. Do you need to install type definitions for a test runner? Try `npm i --save-dev @types/jest` or `npm i --save-dev @types/mocha` and then add 'jest' or 'mocha' to the types field in your tsconfig.
src/features/admin/components/__tests__/UserActionsDropdown.test.tsx(39,9): error TS2322: Type '{ user: User; onSuspend: Mock<Procedure>; onBan: Mock<Procedure>; onDelete: Mock<Procedure>; onVerify: Mock<Procedure>; onChangeRole: Mock<...>; }' is not assignable to type 'IntrinsicAttributes & UserActionsDropdownProps'.
  Property 'onDelete' does not exist on type 'IntrinsicAttributes & UserActionsDropdownProps'.
src/features/admin/components/__tests__/UserActionsDropdown.test.tsx(46,5): error TS2304: Cannot find name 'expect'.
src/features/admin/components/__tests__/UserActionsDropdown.test.tsx(49,3): error TS2593: Cannot find name 'it'. Do you need to install type definitions for a test runner? Try `npm i --save-dev @types/jest` or `npm i --save-dev @types/mocha` and then add 'jest' or 'mocha' to the types field in your tsconfig.
src/features/admin/components/__tests__/UserActionsDropdown.test.tsx(55,9): error TS2322: Type '{ user: User; onSuspend: Mock<Procedure>; onBan: Mock<Procedure>; onDelete: Mock<Procedure>; onVerify: Mock<Procedure>; onChangeRole: Mock<...>; }' is not assignable to type 'IntrinsicAttributes & UserActionsDropdownProps'.
  Property 'onDelete' does not exist on type 'IntrinsicAttributes & UserActionsDropdownProps'.
src/features/admin/components/__tests__/UserActionsDropdown.test.tsx(65,7): error TS2304: Cannot find name 'expect'.
src/features/admin/components/__tests__/UserActionsDropdown.test.tsx(66,7): error TS2304: Cannot find name 'expect'.
src/features/admin/components/__tests__/UserActionsDropdown.test.tsx(67,7): error TS2304: Cannot find name 'expect'.
src/features/admin/components/__tests__/UserActionsDropdown.test.tsx(71,3): error TS2593: Cannot find name 'it'. Do you need to install type definitions for a test runner? Try `npm i --save-dev @types/jest` or `npm i --save-dev @types/mocha` and then add 'jest' or 'mocha' to the types field in your tsconfig.
src/features/admin/components/__tests__/UserActionsDropdown.test.tsx(77,9): error TS2322: Type '{ user: User; onSuspend: Mock<Procedure>; onBan: Mock<Procedure>; onDelete: Mock<Procedure>; onVerify: Mock<Procedure>; onChangeRole: Mock<...>; }' is not assignable to type 'IntrinsicAttributes & UserActionsDropdownProps'.
  Property 'onDelete' does not exist on type 'IntrinsicAttributes & UserActionsDropdownProps'.
src/features/admin/components/__tests__/UserActionsDropdown.test.tsx(89,5): error TS2304: Cannot find name 'expect'.
src/features/admin/components/__tests__/UserActionsDropdown.test.tsx(92,3): error TS2593: Cannot find name 'it'. Do you need to install type definitions for a test runner? Try `npm i --save-dev @types/jest` or `npm i --save-dev @types/mocha` and then add 'jest' or 'mocha' to the types field in your tsconfig.
src/features/admin/components/__tests__/UserActionsDropdown.test.tsx(98,9): error TS2322: Type '{ user: User; onSuspend: Mock<Procedure>; onBan: Mock<Procedure>; onDelete: Mock<Procedure>; onVerify: Mock<Procedure>; onChangeRole: Mock<...>; }' is not assignable to type 'IntrinsicAttributes & UserActionsDropdownProps'.
  Property 'onDelete' does not exist on type 'IntrinsicAttributes & UserActionsDropdownProps'.
src/features/admin/components/__tests__/UserActionsDropdown.test.tsx(110,5): error TS2304: Cannot find name 'expect'.
src/features/admin/components/__tests__/UserActionsDropdown.test.tsx(113,3): error TS2593: Cannot find name 'it'. Do you need to install type definitions for a test runner? Try `npm i --save-dev @types/jest` or `npm i --save-dev @types/mocha` and then add 'jest' or 'mocha' to the types field in your tsconfig.
src/features/admin/components/__tests__/UserActionsDropdown.test.tsx(119,9): error TS2322: Type '{ user: User; onSuspend: Mock<Procedure>; onBan: Mock<Procedure>; onDelete: Mock<Procedure>; onVerify: Mock<Procedure>; onChangeRole: Mock<...>; }' is not assignable to type 'IntrinsicAttributes & UserActionsDropdownProps'.
  Property 'onDelete' does not exist on type 'IntrinsicAttributes & UserActionsDropdownProps'.
src/features/admin/components/__tests__/UserActionsDropdown.test.tsx(131,5): error TS2304: Cannot find name 'expect'.
src/features/admin/components/__tests__/UserActionsDropdown.test.tsx(134,3): error TS2593: Cannot find name 'it'. Do you need to install type definitions for a test runner? Try `npm i --save-dev @types/jest` or `npm i --save-dev @types/mocha` and then add 'jest' or 'mocha' to the types field in your tsconfig.
src/features/admin/components/__tests__/UserActionsDropdown.test.tsx(140,9): error TS2322: Type '{ user: User; onSuspend: Mock<Procedure>; onBan: Mock<Procedure>; onDelete: Mock<Procedure>; onVerify: Mock<Procedure>; onChangeRole: Mock<...>; }' is not assignable to type 'IntrinsicAttributes & UserActionsDropdownProps'.
  Property 'onDelete' does not exist on type 'IntrinsicAttributes & UserActionsDropdownProps'.
src/features/admin/components/__tests__/UserActionsDropdown.test.tsx(150,5): error TS2304: Cannot find name 'expect'.
src/features/admin/components/__tests__/UserActionsDropdown.test.tsx(153,5): error TS2304: Cannot find name 'expect'.
src/features/admin/components/__tests__/UserActionsDropdown.test.tsx(156,3): error TS2593: Cannot find name 'it'. Do you need to install type definitions for a test runner? Try `npm i --save-dev @types/jest` or `npm i --save-dev @types/mocha` and then add 'jest' or 'mocha' to the types field in your tsconfig.
src/features/admin/components/__tests__/UserActionsDropdown.test.tsx(164,9): error TS2322: Type '{ user: any; onSuspend: Mock<Procedure>; onBan: Mock<Procedure>; onDelete: Mock<Procedure>; onVerify: Mock<Procedure>; onChangeRole: Mock<...>; }' is not assignable to type 'IntrinsicAttributes & UserActionsDropdownProps'.
  Property 'onDelete' does not exist on type 'IntrinsicAttributes & UserActionsDropdownProps'.
src/features/admin/components/__tests__/UserActionsDropdown.test.tsx(174,7): error TS2304: Cannot find name 'expect'.
src/features/admin/components/__tests__/UserActionsDropdown.test.tsx(178,3): error TS2593: Cannot find name 'it'. Do you need to install type definitions for a test runner? Try `npm i --save-dev @types/jest` or `npm i --save-dev @types/mocha` and then add 'jest' or 'mocha' to the types field in your tsconfig.
src/features/admin/components/__tests__/UserActionsDropdown.test.tsx(186,9): error TS2322: Type '{ user: any; onSuspend: Mock<Procedure>; onBan: Mock<Procedure>; onDelete: Mock<Procedure>; onVerify: Mock<Procedure>; onChangeRole: Mock<...>; }' is not assignable to type 'IntrinsicAttributes & UserActionsDropdownProps'.
  Property 'onDelete' does not exist on type 'IntrinsicAttributes & UserActionsDropdownProps'.
src/features/admin/components/__tests__/UserActionsDropdown.test.tsx(196,5): error TS2304: Cannot find name 'expect'.
src/features/admin/components/__tests__/UserActionsDropdown.test.tsx(199,3): error TS2593: Cannot find name 'it'. Do you need to install type definitions for a test runner? Try `npm i --save-dev @types/jest` or `npm i --save-dev @types/mocha` and then add 'jest' or 'mocha' to the types field in your tsconfig.
src/features/admin/components/__tests__/UserActionsDropdown.test.tsx(207,9): error TS2322: Type '{ user: any; onSuspend: Mock<Procedure>; onBan: Mock<Procedure>; onDelete: Mock<Procedure>; onVerify: Mock<Procedure>; onChangeRole: Mock<...>; }' is not assignable to type 'IntrinsicAttributes & UserActionsDropdownProps'.
  Property 'onDelete' does not exist on type 'IntrinsicAttributes & UserActionsDropdownProps'.
src/features/admin/components/__tests__/UserActionsDropdown.test.tsx(218,7): error TS2304: Cannot find name 'expect'.
src/features/admin/components/__tests__/UserActionsDropdown.test.tsx(222,3): error TS2593: Cannot find name 'it'. Do you need to install type definitions for a test runner? Try `npm i --save-dev @types/jest` or `npm i --save-dev @types/mocha` and then add 'jest' or 'mocha' to the types field in your tsconfig.
src/features/admin/components/__tests__/UserActionsDropdown.test.tsx(228,9): error TS2322: Type '{ user: User; onSuspend: Mock<Procedure>; onBan: Mock<Procedure>; onDelete: Mock<Procedure>; onVerify: Mock<Procedure>; onChangeRole: Mock<...>; }' is not assignable to type 'IntrinsicAttributes & UserActionsDropdownProps'.
  Property 'onDelete' does not exist on type 'IntrinsicAttributes & UserActionsDropdownProps'.
src/features/admin/components/__tests__/UserActionsDropdown.test.tsx(235,5): error TS2304: Cannot find name 'expect'.
src/features/admin/components/__tests__/UserActionsDropdown.test.tsx(236,5): error TS2304: Cannot find name 'expect'.
src/features/admin/hooks/useSettings.ts(14,3): error TS6196: 'SettingsGroup' is declared but never used.
src/features/admin/pages/ContentModerationPage.tsx(9,10): error TS6133: 'Filter' is declared but its value is never read.
src/features/admin/pages/ContentModerationPage.tsx(15,3): error TS6133: 'useModerateContent' is declared but its value is never read.
src/features/admin/pages/ContentModerationPage.tsx(34,41): error TS6196: 'ContentStatus' is declared but never used.
src/features/admin/pages/ContentModerationPage.tsx(34,56): error TS6196: 'ModerationFilters' is declared but never used.
src/features/admin/pages/ContentModerationPage.tsx(53,28): error TS6133: 'refetch' is declared but its value is never read.
src/features/admin/pages/ContentModerationPage.tsx(57,7): error TS2322: Type 'ModerationTab' is not assignable to type '"pending" | "flagged" | "reported" | undefined'.
  Type '"all"' is not assignable to type '"pending" | "flagged" | "reported" | undefined'.
src/features/admin/pages/ContentModerationPage.tsx(144,32): error TS2339: Property 'content' does not exist on type 'ContentQueueResponse'.
src/features/admin/pages/ContentModerationPage.tsx(144,47): error TS7006: Parameter 'item' implicitly has an 'any' type.
src/features/admin/pages/ContentModerationPage.tsx(148,42): error TS7006: Parameter 'acc' implicitly has an 'any' type.
src/features/admin/pages/ContentModerationPage.tsx(148,47): error TS7006: Parameter 'item' implicitly has an 'any' type.
src/features/admin/pages/ContentModerationPage.tsx(158,9): error TS2322: Type 'unknown' is not assignable to type 'string[]'.
src/features/admin/pages/ContentModerationPage.tsx(164,28): error TS2339: Property 'content' does not exist on type 'ContentQueueResponse'.
src/features/admin/pages/ContentModerationPage.tsx(188,54): error TS2339: Property 'stats' does not exist on type 'ContentQueueResponse'.
src/features/admin/pages/ContentModerationPage.tsx(189,61): error TS2339: Property 'stats' does not exist on type 'ContentQueueResponse'.
src/features/admin/pages/ContentModerationPage.tsx(190,56): error TS2339: Property 'stats' does not exist on type 'ContentQueueResponse'.
src/features/admin/pages/ContentModerationPage.tsx(191,59): error TS2339: Property 'stats' does not exist on type 'ContentQueueResponse'.
src/features/admin/pages/ContentModerationPage.tsx(246,12): error TS2741: Property 'options' is missing in type '{ children: Element[]; value: "all" | ContentType; onChange: (e: ChangeEvent<HTMLSelectElement>) => void; }' but required in type 'SelectProps'.
src/features/admin/pages/ContentModerationPage.tsx(280,20): error TS2339: Property 'content' does not exist on type 'ContentQueueResponse'.
src/features/admin/pages/ContentModerationPage.tsx(280,36): error TS2339: Property 'content' does not exist on type 'ContentQueueResponse'.
src/features/admin/pages/ContentModerationPage.tsx(290,54): error TS2339: Property 'content' does not exist on type 'ContentQueueResponse'.
src/features/admin/pages/ContentModerationPage.tsx(290,77): error TS2339: Property 'content' does not exist on type 'ContentQueueResponse'.
src/features/admin/pages/ContentModerationPage.tsx(298,21): error TS2339: Property 'content' does not exist on type 'ContentQueueResponse'.
src/features/admin/pages/ContentModerationPage.tsx(298,33): error TS7006: Parameter 'item' implicitly has an 'any' type.
src/features/admin/pages/ContentModerationPage.tsx(312,19): error TS2339: Property 'pagination' does not exist on type 'ContentQueueResponse'.
src/features/admin/pages/ContentModerationPage.tsx(312,38): error TS2339: Property 'pagination' does not exist on type 'ContentQueueResponse'.
src/features/admin/pages/ContentModerationPage.tsx(323,40): error TS2339: Property 'pagination' does not exist on type 'ContentQueueResponse'.
src/features/admin/pages/ContentModerationPage.tsx(328,43): error TS2339: Property 'pagination' does not exist on type 'ContentQueueResponse'.
src/features/admin/pages/ContentModerationPage.tsx(354,11): error TS2322: Type '{ children: Element; isOpen: boolean; onClose: () => void; title: string; size: string; }' is not assignable to type 'IntrinsicAttributes & DialogProps'.
  Property 'isOpen' does not exist on type 'IntrinsicAttributes & DialogProps'. Did you mean 'open'?
src/features/admin/pages/ContentModerationPage.tsx(457,56): error TS2339: Property 'displayName' does not exist on type 'string | { id: string; displayName: string; avatarUrl?: string | undefined; reputation: number; }'.
  Property 'displayName' does not exist on type 'string'.
src/features/admin/pages/ContentModerationPage.tsx(460,14): error TS18048: 'item.reportCount' is possibly 'undefined'.
src/features/admin/pages/ContentModerationPage.tsx(472,33): error TS2322: Type 'number | undefined' is not assignable to type 'number'.
  Type 'undefined' is not assignable to type 'number'.
src/features/admin/pages/ContentModerationPage.tsx(513,12): error TS2322: Type '{ children: Element; isOpen: boolean; onClose: () => void; title: string; size: string; }' is not assignable to type 'IntrinsicAttributes & DialogProps'.
  Property 'isOpen' does not exist on type 'IntrinsicAttributes & DialogProps'. Did you mean 'open'?
src/features/admin/pages/ContentModerationPage.tsx(531,28): error TS2339: Property 'displayName' does not exist on type 'string | { id: string; displayName: string; avatarUrl?: string | undefined; reputation: number; }'.
  Property 'displayName' does not exist on type 'string'.
src/features/admin/pages/ContentModerationPage.tsx(534,29): error TS2339: Property 'username' does not exist on type 'string | { id: string; displayName: string; avatarUrl?: string | undefined; reputation: number; }'.
  Property 'username' does not exist on type 'string'.
src/features/admin/pages/ContentModerationPage.tsx(543,22): error TS2339: Property 'content' does not exist on type 'ContentItem'.
src/features/admin/pages/ContentModerationPage.tsx(552,33): error TS2322: Type 'number | undefined' is not assignable to type 'number'.
  Type 'undefined' is not assignable to type 'number'.
src/features/admin/pages/ContentModerationPage.tsx(556,15): error TS2339: Property 'reports' does not exist on type 'ContentItem'.
src/features/admin/pages/ContentModerationPage.tsx(556,31): error TS2339: Property 'reports' does not exist on type 'ContentItem'.
src/features/admin/pages/ContentModerationPage.tsx(562,21): error TS2339: Property 'reports' does not exist on type 'ContentItem'.
src/features/admin/pages/ContentModerationPage.tsx(562,34): error TS7006: Parameter 'report' implicitly has an 'any' type.
src/features/admin/pages/UserDetail.tsx(248,20): error TS2741: Property 'options' is missing in type '{ children: Element[]; value: UserRole; onChange: (e: ChangeEvent<HTMLSelectElement>) => Promise<void>; disabled: boolean; className: string; }' but required in type 'SelectProps'.
src/features/admin/pages/UserDetail.tsx(572,19): error TS2304: Cannot find name 'sendMessageMutation'.
src/features/admin/pages/UserManagement.tsx(109,14): error TS2741: Property 'options' is missing in type '{ children: Element[]; id: string; value: string; onChange: (e: ChangeEvent<HTMLSelectElement>) => void; className: string; }' but required in type 'SelectProps'.
src/features/admin/pages/UserManagement.tsx(124,14): error TS2741: Property 'options' is missing in type '{ children: Element[]; id: string; value: string; onChange: (e: ChangeEvent<HTMLSelectElement>) => void; className: string; }' but required in type 'SelectProps'.
src/features/admin/types/settings.types.ts(7,13): error TS1294: This syntax is not allowed when 'erasableSyntaxOnly' is enabled.
src/features/admin/types/settings.types.ts(15,13): error TS1294: This syntax is not allowed when 'erasableSyntaxOnly' is enabled.
src/features/bookmarks/components/BookmarkCard.tsx(22,3): error TS6133: 'Person' is declared but its value is never read.
src/features/bookmarks/components/BookmarkList.tsx(2,37): error TS6133: 'Alert' is declared but its value is never read.
src/features/bookmarks/components/BookmarkList.tsx(7,1): error TS6133: 'BookmarkCollection' is declared but its value is never read.
src/features/bookmarks/pages/BookmarksPage.tsx(20,10): error TS6133: 'useCollections' is declared but its value is never read.
src/features/bookmarks/pages/BookmarksPage.tsx(80,12): error TS2769: No overload matches this call.
  Overload 1 of 2, '(props: { component: ElementType<any, keyof IntrinsicElements>; } & GridBaseProps & { sx?: SxProps<Theme> | undefined; } & SystemProps<...> & Omit<...>): Element | null', gave the following error.
    Property 'component' is missing in type '{ children: Element; item: true; xs: number; md: number; }' but required in type '{ component: ElementType<any, keyof IntrinsicElements>; }'.
  Overload 2 of 2, '(props: DefaultComponentProps<GridTypeMap<{}, "div">>): Element | null', gave the following error.
    Type '{ children: Element; item: true; xs: number; md: number; }' is not assignable to type 'IntrinsicAttributes & GridBaseProps & { sx?: SxProps<Theme> | undefined; } & SystemProps<Theme> & Omit<...>'.
      Property 'item' does not exist on type 'IntrinsicAttributes & GridBaseProps & { sx?: SxProps<Theme> | undefined; } & SystemProps<Theme> & Omit<...>'.
src/features/bookmarks/pages/BookmarksPage.tsx(91,12): error TS2769: No overload matches this call.
  Overload 1 of 2, '(props: { component: ElementType<any, keyof IntrinsicElements>; } & GridBaseProps & { sx?: SxProps<Theme> | undefined; } & SystemProps<...> & Omit<...>): Element | null', gave the following error.
    Property 'component' is missing in type '{ children: Element[]; item: true; xs: number; md: number; }' but required in type '{ component: ElementType<any, keyof IntrinsicElements>; }'.
  Overload 2 of 2, '(props: DefaultComponentProps<GridTypeMap<{}, "div">>): Element | null', gave the following error.
    Type '{ children: Element[]; item: true; xs: number; md: number; }' is not assignable to type 'IntrinsicAttributes & GridBaseProps & { sx?: SxProps<Theme> | undefined; } & SystemProps<Theme> & Omit<...>'.
      Property 'item' does not exist on type 'IntrinsicAttributes & GridBaseProps & { sx?: SxProps<Theme> | undefined; } & SystemProps<Theme> & Omit<...>'.
src/features/bookmarks/types/index.ts(1,1): error TS6133: 'Article' is declared but its value is never read.
src/features/companies/api/companiesApi.ts(28,24): error TS2339: Property 'data' does not exist on type 'Company'.
src/features/companies/api/companiesApi.ts(49,30): error TS2339: Property 'data' does not exist on type 'Company[]'.
src/features/companies/api/companiesApi.ts(50,31): error TS2339: Property 'pagination' does not exist on type 'Company[]'.
src/features/companies/api/companiesApi.ts(65,24): error TS2339: Property 'data' does not exist on type 'CompanyJobsResponse'.
src/features/companies/api/companiesApi.ts(73,24): error TS2339: Property 'data' does not exist on type 'Company'.
src/features/companies/api/companiesApi.ts(84,24): error TS2339: Property 'data' does not exist on type 'Company'.
src/features/companies/api/companiesApi.ts(118,24): error TS2339: Property 'data' does not exist on type '{ url: string; }'.
src/features/companies/api/companiesApi.ts(138,24): error TS2339: Property 'data' does not exist on type '{ url: string; }'.
src/features/companies/api/companiesApi.ts(155,24): error TS2339: Property 'data' does not exist on type 'BulkMessageResponse'.
src/features/companies/api/companiesApi.ts(166,24): error TS2339: Property 'data' does not exist on type '{ templates: MessageTemplate[]; }'.
src/features/companies/api/companiesApi.ts(179,24): error TS2339: Property 'data' does not exist on type '{ template: MessageTemplate; }'.
src/features/companies/api/companiesApi.ts(193,24): error TS2339: Property 'data' does not exist on type '{ template: MessageTemplate; }'.
src/features/companies/api/companiesApi.ts(214,24): error TS2339: Property 'data' does not exist on type 'BulkMessagesHistoryResponse'.
src/features/companies/api/companiesApi.ts(224,24): error TS2339: Property 'data' does not exist on type 'RateLimitStatus'.
src/features/companies/components/CompanyAbout.tsx(112,14): error TS18048: 'company.techStack' is possibly 'undefined'.
src/features/companies/components/CompanyAbout.tsx(112,46): error TS18048: 'company.techStack' is possibly 'undefined'.
src/features/companies/components/CompanyAbout.tsx(121,20): error TS18048: 'company.techStack' is possibly 'undefined'.
src/features/companies/components/CompanyAbout.tsx(128,14): error TS18048: 'company.techStack' is possibly 'undefined'.
src/features/companies/components/CompanyAbout.tsx(128,46): error TS18048: 'company.techStack' is possibly 'undefined'.
src/features/companies/components/CompanyAbout.tsx(134,20): error TS18048: 'company.techStack' is possibly 'undefined'.
src/features/companies/components/CompanyAbout.tsx(141,14): error TS18048: 'company.techStack' is possibly 'undefined'.
src/features/companies/components/CompanyAbout.tsx(141,45): error TS18048: 'company.techStack' is possibly 'undefined'.
src/features/companies/components/CompanyAbout.tsx(147,20): error TS18048: 'company.techStack' is possibly 'undefined'.
src/features/companies/components/ImageUpload.tsx(8,15): error TS6133: 'Button' is declared but its value is never read.
src/features/companies/hooks/useMessaging.ts(49,20): error TS2339: Property 'id' does not exist on type '[id: string, data: UpdateTemplateRequest]'.
src/features/companies/hooks/useMessaging.ts(49,24): error TS2339: Property 'data' does not exist on type '[id: string, data: UpdateTemplateRequest]'.
src/features/companies/pages/BulkMessagesPage.tsx(55,5): error TS2353: Object literal may only specify known properties, and 'enabled' does not exist in type 'UseSuspenseQueryOptions<BulkMessagesHistoryResponse, Error, BulkMessagesHistoryResponse, string[]>'.
src/features/companies/pages/CompanyProfilePage.tsx(17,11): error TS2339: Property 'user' does not exist on type '{ login: (data: { email: string; password: string; rememberMe?: boolean | undefined; }) => Promise<AuthResponse>; register: (data: { username: string; email: string; password: string; confirmPassword: string; }) => Promise<...>; ... 7 more ...; logoutError: Error | null; }'.
src/features/companies/pages/CompanyProfilePage.tsx(18,26): error TS6133: 'jobCount' is declared but its value is never read.
src/features/companies/pages/CompanySettingsPage.tsx(23,3): error TS6133: 'Divider' is declared but its value is never read.
src/features/companies/pages/CompanySettingsPage.tsx(24,3): error TS6133: 'IconButton' is declared but its value is never read.
src/features/companies/pages/CompanySettingsPage.tsx(26,60): error TS6133: 'CloseIcon' is declared but its value is never read.
src/features/companies/pages/CompanySettingsPage.tsx(45,11): error TS2339: Property 'user' does not exist on type '{ login: (data: { email: string; password: string; rememberMe?: boolean | undefined; }) => Promise<AuthResponse>; register: (data: { username: string; email: string; password: string; confirmPassword: string; }) => Promise<...>; ... 7 more ...; logoutError: Error | null; }'.
src/features/companies/pages/CompanySettingsPage.tsx(107,40): error TS2345: Argument of type '{ name: string; website?: string | undefined; description?: string | undefined; logoUrl?: string | undefined; headerImageUrl?: string | undefined; industry?: string | undefined; companySize?: "" | ... 6 more ... | undefined; ... 9 more ...; githubUrl?: string | undefined; }' is not assignable to parameter of type 'Partial<CompanyFormData>'.
  Types of property 'companySize' are incompatible.
    Type '"" | "1-10" | "11-50" | "51-200" | "201-500" | "501-1000" | "1000+" | undefined' is not assignable to type 'CompanySize | undefined'.
      Type '""' is not assignable to type 'CompanySize | undefined'.
src/features/dashboard/components/WidgetGrid.tsx(1,17): error TS6133: 'useState' is declared but its value is never read.
src/features/dashboard/components/widgets/JobMatchesWidget.tsx(4,1): error TS6133: 'formatDistanceToNow' is declared but its value is never read.
src/features/dashboard/components/widgets/TopStoriesWidget.tsx(4,1): error TS6133: 'formatDistanceToNow' is declared but its value is never read.
src/features/dashboard/components/widgets/TrendingDiscussionsWidget.tsx(3,25): error TS6133: 'Eye' is declared but its value is never read.
src/features/dashboard/components/widgets/TrendingDiscussionsWidget.tsx(4,1): error TS6133: 'formatDistanceToNow' is declared but its value is never read.
src/features/follows/components/FollowButton.tsx(54,9): error TS2322: Type '"sm" | "lg" | "md"' is not assignable to type '"default" | "sm" | "lg" | "icon" | null | undefined'.
  Type '"md"' is not assignable to type '"default" | "sm" | "lg" | "icon" | null | undefined'.
src/features/follows/components/FollowButton.tsx(119,46): error TS2322: Type '"sm" | "lg" | "md"' is not assignable to type '"default" | "sm" | "lg" | "icon" | null | undefined'.
  Type '"md"' is not assignable to type '"default" | "sm" | "lg" | "icon" | null | undefined'.
src/features/follows/hooks/useFollows.ts(8,3): error TS6196: 'FollowSuggestionsResponse' is declared but never used.
src/features/follows/hooks/useFollows.ts(126,15): error TS6133: 'err' is declared but its value is never read.
src/features/follows/hooks/useFollows.ts(126,20): error TS6133: 'variables' is declared but its value is never read.
src/features/follows/hooks/useFollows.ts(171,15): error TS6133: 'err' is declared but its value is never read.
src/features/follows/hooks/useFollows.ts(171,20): error TS6133: 'variables' is declared but its value is never read.
src/features/follows/index.ts(4,1): error TS2308: Module './components' has already exported a member named 'ActivityFeedItem'. Consider explicitly re-exporting to resolve the ambiguity.
src/features/forum/api/badgeApi.ts(8,3): error TS6196: 'Badge' is declared but never used.
src/features/forum/components/BadgeCard.tsx(9,34): error TS6196: 'BadgeRarity' is declared but never used.
src/features/forum/components/BadgeModal.tsx(25,12): error TS2322: Type '{ children: Element; isOpen: boolean; onClose: () => void; title: string; size: string; }' is not assignable to type 'IntrinsicAttributes & DialogProps'.
  Property 'isOpen' does not exist on type 'IntrinsicAttributes & DialogProps'. Did you mean 'open'?
src/features/forum/components/BadgeNotification.tsx(12,11): error TS6196: 'BadgeNotificationProps' is declared but never used.
src/features/forum/components/BadgeNotification.tsx(68,11): error TS6133: 'rarityConfig' is declared but its value is never read.
src/features/forum/components/ModerationLog.tsx(22,3): error TS6133: 'TextField' is declared but its value is never read.
src/features/forum/components/MoveTopicModal.tsx(103,9): error TS6133: 'selectedCategory' is declared but its value is never read.
src/features/forum/components/PollResults.tsx(105,25): error TS6133: 'index' is declared but its value is never read.
src/features/forum/components/ProfileBadgesSection.tsx(9,10): error TS2614: Module '"@/components/common/ErrorBoundary"' has no exported member 'ErrorBoundary'. Did you mean to use 'import ErrorBoundary from "@/components/common/ErrorBoundary"' instead?
src/features/forum/components/ProfileBadgesSection.tsx(12,1): error TS6133: 'BadgeShareButton' is declared but its value is never read.
src/features/forum/components/ReplyCard.tsx(52,11): error TS2339: Property 'user' does not exist on type '{ login: (data: { email: string; password: string; rememberMe?: boolean | undefined; }) => Promise<AuthResponse>; register: (data: { username: string; email: string; password: string; confirmPassword: string; }) => Promise<...>; ... 7 more ...; logoutError: Error | null; }'.
src/features/forum/components/ReplyCard.tsx(160,21): error TS2322: Type 'string' is not assignable to type 'ReputationLevel'.
src/features/forum/components/ReplyTree.tsx(141,11): error TS2339: Property 'user' does not exist on type '{ login: (data: { email: string; password: string; rememberMe?: boolean | undefined; }) => Promise<AuthResponse>; register: (data: { username: string; email: string; password: string; confirmPassword: string; }) => Promise<...>; ... 7 more ...; logoutError: Error | null; }'.
src/features/forum/components/ReportReviewPanel.tsx(56,5): error TS2353: Object literal may only specify known properties, and 'enabled' does not exist in type 'UseSuspenseQueryOptions<{ report: any; }, Error, { report: any; }, string[]>'.
src/features/forum/components/ReportReviewPanel.tsx(59,24): error TS2339: Property 'data' does not exist on type '{ report: any; }'.
src/features/forum/components/ReportReviewPanel.tsx(138,26): error TS7053: Element implicitly has an 'any' type because expression of type 'any' can't be used to index type 'Record<ReportStatus, string>'.
src/features/forum/components/ReportReviewPanel.tsx(140,30): error TS7053: Element implicitly has an 'any' type because expression of type 'any' can't be used to index type 'Record<ReportStatus, string>'.
src/features/forum/components/ReportReviewPanel.tsx(141,28): error TS7053: Element implicitly has an 'any' type because expression of type 'any' can't be used to index type 'Record<ReportStatus, string>'.
src/features/forum/components/ReportReviewPanel.tsx(146,26): error TS7053: Element implicitly has an 'any' type because expression of type 'any' can't be used to index type 'Record<ReportReason, string>'.
src/features/forum/components/ReportReviewPanel.tsx(152,18): error TS7053: Element implicitly has an 'any' type because expression of type 'any' can't be used to index type 'Record<ReportReason, string>'.
src/features/forum/components/ReputationHistory.tsx(13,3): error TS2305: Module '"@mui/material"' has no exported member 'Timeline'.
src/features/forum/components/ReputationHistory.tsx(14,3): error TS2305: Module '"@mui/material"' has no exported member 'TimelineItem'.
src/features/forum/components/ReputationHistory.tsx(15,3): error TS2305: Module '"@mui/material"' has no exported member 'TimelineSeparator'.
src/features/forum/components/ReputationHistory.tsx(16,3): error TS2305: Module '"@mui/material"' has no exported member 'TimelineConnector'.
src/features/forum/components/ReputationHistory.tsx(17,3): error TS2305: Module '"@mui/material"' has no exported member 'TimelineContent'.
src/features/forum/components/ReputationHistory.tsx(18,3): error TS2305: Module '"@mui/material"' has no exported member 'TimelineDot'.
src/features/forum/components/ReputationWidget.tsx(25,3): error TS6133: 'Star' is declared but its value is never read.
src/features/forum/components/ReputationWidget.tsx(92,30): error TS7053: Element implicitly has an 'any' type because expression of type 'string' can't be used to index type 'Record<ReputationLevel, ReputationLevelConfig>'.
  No index signature with a parameter of type 'string' was found on type 'Record<ReputationLevel, ReputationLevelConfig>'.
src/features/forum/components/ReputationWidget.tsx(125,12): error TS2769: No overload matches this call.
  Overload 1 of 2, '(props: { component: ElementType<any, keyof IntrinsicElements>; } & GridBaseProps & { sx?: SxProps<Theme> | undefined; } & SystemProps<...> & Omit<...>): Element | null', gave the following error.
    Property 'component' is missing in type '{ children: Element; item: true; xs: number; }' but required in type '{ component: ElementType<any, keyof IntrinsicElements>; }'.
  Overload 2 of 2, '(props: DefaultComponentProps<GridTypeMap<{}, "div">>): Element | null', gave the following error.
    Type '{ children: Element; item: true; xs: number; }' is not assignable to type 'IntrinsicAttributes & GridBaseProps & { sx?: SxProps<Theme> | undefined; } & SystemProps<Theme> & Omit<...>'.
      Property 'item' does not exist on type 'IntrinsicAttributes & GridBaseProps & { sx?: SxProps<Theme> | undefined; } & SystemProps<Theme> & Omit<...>'.
src/features/forum/components/ReputationWidget.tsx(133,12): error TS2769: No overload matches this call.
  Overload 1 of 2, '(props: { component: ElementType<any, keyof IntrinsicElements>; } & GridBaseProps & { sx?: SxProps<Theme> | undefined; } & SystemProps<...> & Omit<...>): Element | null', gave the following error.
    Property 'component' is missing in type '{ children: Element; item: true; xs: number; }' but required in type '{ component: ElementType<any, keyof IntrinsicElements>; }'.
  Overload 2 of 2, '(props: DefaultComponentProps<GridTypeMap<{}, "div">>): Element | null', gave the following error.
    Type '{ children: Element; item: true; xs: number; }' is not assignable to type 'IntrinsicAttributes & GridBaseProps & { sx?: SxProps<Theme> | undefined; } & SystemProps<Theme> & Omit<...>'.
      Property 'item' does not exist on type 'IntrinsicAttributes & GridBaseProps & { sx?: SxProps<Theme> | undefined; } & SystemProps<Theme> & Omit<...>'.
src/features/forum/components/ReputationWidget.tsx(141,12): error TS2769: No overload matches this call.
  Overload 1 of 2, '(props: { component: ElementType<any, keyof IntrinsicElements>; } & GridBaseProps & { sx?: SxProps<Theme> | undefined; } & SystemProps<...> & Omit<...>): Element | null', gave the following error.
    Property 'component' is missing in type '{ children: Element; item: true; xs: number; }' but required in type '{ component: ElementType<any, keyof IntrinsicElements>; }'.
  Overload 2 of 2, '(props: DefaultComponentProps<GridTypeMap<{}, "div">>): Element | null', gave the following error.
    Type '{ children: Element; item: true; xs: number; }' is not assignable to type 'IntrinsicAttributes & GridBaseProps & { sx?: SxProps<Theme> | undefined; } & SystemProps<Theme> & Omit<...>'.
      Property 'item' does not exist on type 'IntrinsicAttributes & GridBaseProps & { sx?: SxProps<Theme> | undefined; } & SystemProps<Theme> & Omit<...>'.
src/features/forum/components/ReputationWidget.tsx(149,12): error TS2769: No overload matches this call.
  Overload 1 of 2, '(props: { component: ElementType<any, keyof IntrinsicElements>; } & GridBaseProps & { sx?: SxProps<Theme> | undefined; } & SystemProps<...> & Omit<...>): Element | null', gave the following error.
    Property 'component' is missing in type '{ children: Element; item: true; xs: number; }' but required in type '{ component: ElementType<any, keyof IntrinsicElements>; }'.
  Overload 2 of 2, '(props: DefaultComponentProps<GridTypeMap<{}, "div">>): Element | null', gave the following error.
    Type '{ children: Element; item: true; xs: number; }' is not assignable to type 'IntrinsicAttributes & GridBaseProps & { sx?: SxProps<Theme> | undefined; } & SystemProps<Theme> & Omit<...>'.
      Property 'item' does not exist on type 'IntrinsicAttributes & GridBaseProps & { sx?: SxProps<Theme> | undefined; } & SystemProps<Theme> & Omit<...>'.
src/features/forum/components/ReputationWidget.tsx(157,12): error TS2769: No overload matches this call.
  Overload 1 of 2, '(props: { component: ElementType<any, keyof IntrinsicElements>; } & GridBaseProps & { sx?: SxProps<Theme> | undefined; } & SystemProps<...> & Omit<...>): Element | null', gave the following error.
    Property 'component' is missing in type '{ children: Element; item: true; xs: number; }' but required in type '{ component: ElementType<any, keyof IntrinsicElements>; }'.
  Overload 2 of 2, '(props: DefaultComponentProps<GridTypeMap<{}, "div">>): Element | null', gave the following error.
    Type '{ children: Element; item: true; xs: number; }' is not assignable to type 'IntrinsicAttributes & GridBaseProps & { sx?: SxProps<Theme> | undefined; } & SystemProps<Theme> & Omit<...>'.
      Property 'item' does not exist on type 'IntrinsicAttributes & GridBaseProps & { sx?: SxProps<Theme> | undefined; } & SystemProps<Theme> & Omit<...>'.
src/features/forum/components/ReputationWidget.tsx(165,12): error TS2769: No overload matches this call.
  Overload 1 of 2, '(props: { component: ElementType<any, keyof IntrinsicElements>; } & GridBaseProps & { sx?: SxProps<Theme> | undefined; } & SystemProps<...> & Omit<...>): Element | null', gave the following error.
    Property 'component' is missing in type '{ children: Element; item: true; xs: number; }' but required in type '{ component: ElementType<any, keyof IntrinsicElements>; }'.
  Overload 2 of 2, '(props: DefaultComponentProps<GridTypeMap<{}, "div">>): Element | null', gave the following error.
    Type '{ children: Element; item: true; xs: number; }' is not assignable to type 'IntrinsicAttributes & GridBaseProps & { sx?: SxProps<Theme> | undefined; } & SystemProps<Theme> & Omit<...>'.
      Property 'item' does not exist on type 'IntrinsicAttributes & GridBaseProps & { sx?: SxProps<Theme> | undefined; } & SystemProps<Theme> & Omit<...>'.
src/features/forum/components/SearchFilters.tsx(60,11): error TS2339: Property 'data' does not exist on type '{ categories: ForumCategory[]; count: number; isLoading: false; error: Error | null; }'.
src/features/forum/components/SearchFilters.tsx(117,30): error TS7006: Parameter 'category' implicitly has an 'any' type.
src/features/forum/components/TopicCard.tsx(80,11): error TS2339: Property 'user' does not exist on type '{ login: (data: { email: string; password: string; rememberMe?: boolean | undefined; }) => Promise<AuthResponse>; register: (data: { username: string; email: string; password: string; confirmPassword: string; }) => Promise<...>; ... 7 more ...; logoutError: Error | null; }'.
src/features/forum/components/TopicCard.tsx(258,23): error TS2322: Type 'string' is not assignable to type 'ReputationLevel'.
src/features/forum/components/TopicComposer.tsx(6,1): error TS6133: 'cn' is declared but its value is never read.
src/features/forum/components/TopicComposer.tsx(30,11): error TS2769: No overload matches this call.
  Overload 1 of 2, '(values: readonly ["discussion", "question", "showcase", "tutorial", "announcement", "paper"], params?: string | { error?: string | $ZodErrorMap<$ZodIssueInvalidValue<unknown>> | undefined; message?: string | undefined; } | undefined): ZodEnum<...>', gave the following error.
    Object literal may only specify known properties, and 'errorMap' does not exist in type '{ error?: string | $ZodErrorMap<$ZodIssueInvalidValue<unknown>> | undefined; message?: string | undefined; }'.
  Overload 2 of 2, '(entries: Readonly<Record<string, EnumValue>>, params?: string | { error?: string | $ZodErrorMap<$ZodIssueInvalidValue<unknown>> | undefined; message?: string | undefined; } | undefined): ZodEnum<...>', gave the following error.
    Argument of type 'string[]' is not assignable to parameter of type 'Readonly<Record<string, EnumValue>>'.
      Index signature for type 'string' is missing in type 'string[]'.
src/features/forum/components/TopicComposer.tsx(75,5): error TS2322: Type 'Resolver<{ title: string; content: string; categoryId: string; type: "discussion" | "question" | "showcase" | "tutorial" | "announcement" | "paper"; tags?: string[] | undefined; images?: any[] | undefined; poll?: { ...; } | ... 1 more ... | undefined; }, any, { ...; }>' is not assignable to type 'Resolver<{ title: string; content: string; categoryId: string; type: "discussion" | "question" | "showcase" | "tutorial" | "announcement" | "paper"; tags: string[]; images: any[]; poll?: { question: string; options: { ...; }[]; multipleChoice: boolean; isAnonymous: boolean; expiresAt?: string | undefined; } | null |...'.
  Types of parameters 'options' and 'options' are incompatible.
    Type 'ResolverOptions<{ title: string; content: string; categoryId: string; type: "discussion" | "question" | "showcase" | "tutorial" | "announcement" | "paper"; tags: string[]; images: any[]; poll?: { question: string; options: { ...; }[]; multipleChoice: boolean; isAnonymous: boolean; expiresAt?: string | undefined; } |...' is not assignable to type 'ResolverOptions<{ title: string; content: string; categoryId: string; type: "discussion" | "question" | "showcase" | "tutorial" | "announcement" | "paper"; tags?: string[] | undefined; images?: any[] | undefined; poll?: { ...; } | ... 1 more ... | undefined; }>'.
      Type 'string[] | undefined' is not assignable to type 'string[]'.
        Type 'undefined' is not assignable to type 'string[]'.
src/features/forum/components/TopicComposer.tsx(160,34): error TS2345: Argument of type '(data: TopicFormData) => Promise<void>' is not assignable to parameter of type 'SubmitHandler<TFieldValues>'.
  Types of parameters 'data' and 'data' are incompatible.
    Type 'TFieldValues' is not assignable to type '{ title: string; content: string; categoryId: string; type: "discussion" | "question" | "showcase" | "tutorial" | "announcement" | "paper"; tags: string[]; images: any[]; poll?: { question: string; options: { ...; }[]; multipleChoice: boolean; isAnonymous: boolean; expiresAt?: string | undefined; } | null | undefine...'.
      Type 'FieldValues' is missing the following properties from type '{ title: string; content: string; categoryId: string; type: "discussion" | "question" | "showcase" | "tutorial" | "announcement" | "paper"; tags: string[]; images: any[]; poll?: { question: string; options: { ...; }[]; multipleChoice: boolean; isAnonymous: boolean; expiresAt?: string | undefined; } | null | undefine...': title, content, categoryId, type, and 2 more.
src/features/forum/components/TopicComposer.tsx(204,13): error TS2322: Type '{ allowMultiple: boolean; endsAt: string | undefined; question: string; options: { text: string; votes: number; }[]; multipleChoice: boolean; isAnonymous: boolean; expiresAt?: string | undefined; } | null' is not assignable to type '{ question: string; options: { text: string; }[]; multipleChoice: boolean; } | null | undefined'.
  Object literal may only specify known properties, and 'allowMultiple' does not exist in type '{ question: string; options: { text: string; }[]; multipleChoice: boolean; }'.
src/features/forum/components/TopicList.tsx(114,22): error TS2339: Property 'data' does not exist on type '{ topics: ForumTopic[]; pagination: { page: number; limit: number; totalCount: number; totalPages: number; hasNextPage: boolean; hasPreviousPage: boolean; }; }'.
src/features/forum/components/TopicList.tsx(122,39): error TS2339: Property 'data' does not exist on type '{ topics: ForumTopic[]; pagination: { page: number; limit: number; totalCount: number; totalPages: number; hasNextPage: boolean; hasPreviousPage: boolean; }; }'.
src/features/forum/components/TopicList.tsx(125,39): error TS7006: Parameter 't' implicitly has an 'any' type.
src/features/forum/components/TopicList.tsx(126,40): error TS7006: Parameter 't' implicitly has an 'any' type.
src/features/forum/components/TopicList.tsx(132,10): error TS2769: No overload matches this call.
  Overload 1 of 2, '(props: { component: ElementType<any, keyof IntrinsicElements>; } & GridBaseProps & { sx?: SxProps<Theme> | undefined; } & SystemProps<...> & Omit<...>): Element | null', gave the following error.
    Property 'component' is missing in type '{ children: Element; item: true; xs: number; md: number; }' but required in type '{ component: ElementType<any, keyof IntrinsicElements>; }'.
  Overload 2 of 2, '(props: DefaultComponentProps<GridTypeMap<{}, "div">>): Element | null', gave the following error.
    Type '{ children: Element; item: true; xs: number; md: number; }' is not assignable to type 'IntrinsicAttributes & GridBaseProps & { sx?: SxProps<Theme> | undefined; } & SystemProps<Theme> & Omit<...>'.
      Property 'item' does not exist on type 'IntrinsicAttributes & GridBaseProps & { sx?: SxProps<Theme> | undefined; } & SystemProps<Theme> & Omit<...>'.
src/features/forum/components/TopicList.tsx(140,8): error TS2769: No overload matches this call.
  Overload 1 of 2, '(props: { component: ElementType<any, keyof IntrinsicElements>; } & GridBaseProps & { sx?: SxProps<Theme> | undefined; } & SystemProps<...> & Omit<...>): Element | null', gave the following error.
    Property 'component' is missing in type '{ children: Element; item: true; xs: number; md: number; }' but required in type '{ component: ElementType<any, keyof IntrinsicElements>; }'.
  Overload 2 of 2, '(props: DefaultComponentProps<GridTypeMap<{}, "div">>): Element | null', gave the following error.
    Type '{ children: Element; item: true; xs: number; md: number; }' is not assignable to type 'IntrinsicAttributes & GridBaseProps & { sx?: SxProps<Theme> | undefined; } & SystemProps<Theme> & Omit<...>'.
      Property 'item' does not exist on type 'IntrinsicAttributes & GridBaseProps & { sx?: SxProps<Theme> | undefined; } & SystemProps<Theme> & Omit<...>'.
src/features/forum/components/TopicList.tsx(183,34): error TS7006: Parameter 'topic' implicitly has an 'any' type.
src/features/forum/components/TopicList.tsx(197,35): error TS7006: Parameter 'topic' implicitly has an 'any' type.
src/features/forum/components/TopicStatusIndicators.tsx(15,27): error TS6196: 'TopicStatus' is declared but never used.
src/features/forum/components/VotingWidget.example.tsx(104,27): error TS2304: Cannot find name 'useTopic'.
src/features/forum/hooks/useBadges.ts(10,3): error TS6196: 'Badge' is declared but never used.
src/features/forum/hooks/useBadges.ts(105,5): error TS2769: No overload matches this call.
  Overload 1 of 3, '(options: DefinedInitialDataOptions<UserBadgesResponse, Error, UserBadgesResponse, readonly unknown[]>, queryClient?: QueryClient | undefined): DefinedUseQueryResult<...>', gave the following error.
    Type '() => Promise<{ earned: UserBadge[]; progress: BadgeWithProgress[]; stats: BadgeStats; }>' is not assignable to type 'QueryFunction<UserBadgesResponse, readonly unknown[]>'.
      Type 'Promise<{ earned: UserBadge[]; progress: BadgeWithProgress[]; stats: BadgeStats; }>' is not assignable to type 'UserBadgesResponse | Promise<UserBadgesResponse>'.
        Type 'Promise<{ earned: UserBadge[]; progress: BadgeWithProgress[]; stats: BadgeStats; }>' is not assignable to type 'Promise<UserBadgesResponse>'.
          Type '{ earned: UserBadge[]; progress: BadgeWithProgress[]; stats: BadgeStats; }' is missing the following properties from type 'UserBadgesResponse': success, data
  Overload 2 of 3, '(options: UndefinedInitialDataOptions<UserBadgesResponse, Error, UserBadgesResponse, readonly unknown[]>, queryClient?: QueryClient | undefined): UseQueryResult<...>', gave the following error.
    Type '() => Promise<{ earned: UserBadge[]; progress: BadgeWithProgress[]; stats: BadgeStats; }>' is not assignable to type 'unique symbol | QueryFunction<UserBadgesResponse, readonly unknown[], never> | undefined'.
      Type '() => Promise<{ earned: UserBadge[]; progress: BadgeWithProgress[]; stats: BadgeStats; }>' is not assignable to type 'QueryFunction<UserBadgesResponse, readonly unknown[], never>'.
        Type 'Promise<{ earned: UserBadge[]; progress: BadgeWithProgress[]; stats: BadgeStats; }>' is not assignable to type 'UserBadgesResponse | Promise<UserBadgesResponse>'.
          Type 'Promise<{ earned: UserBadge[]; progress: BadgeWithProgress[]; stats: BadgeStats; }>' is not assignable to type 'Promise<UserBadgesResponse>'.
            Type '{ earned: UserBadge[]; progress: BadgeWithProgress[]; stats: BadgeStats; }' is missing the following properties from type 'UserBadgesResponse': success, data
  Overload 3 of 3, '(options: UseQueryOptions<UserBadgesResponse, Error, UserBadgesResponse, readonly unknown[]>, queryClient?: QueryClient | undefined): UseQueryResult<...>', gave the following error.
    Type '() => Promise<{ earned: UserBadge[]; progress: BadgeWithProgress[]; stats: BadgeStats; }>' is not assignable to type 'unique symbol | QueryFunction<UserBadgesResponse, readonly unknown[], never> | undefined'.
      Type '() => Promise<{ earned: UserBadge[]; progress: BadgeWithProgress[]; stats: BadgeStats; }>' is not assignable to type 'QueryFunction<UserBadgesResponse, readonly unknown[], never>'.
        Type 'Promise<{ earned: UserBadge[]; progress: BadgeWithProgress[]; stats: BadgeStats; }>' is not assignable to type 'UserBadgesResponse | Promise<UserBadgesResponse>'.
          Type 'Promise<{ earned: UserBadge[]; progress: BadgeWithProgress[]; stats: BadgeStats; }>' is not assignable to type 'Promise<UserBadgesResponse>'.
            Type '{ earned: UserBadge[]; progress: BadgeWithProgress[]; stats: BadgeStats; }' is missing the following properties from type 'UserBadgesResponse': success, data
src/features/forum/hooks/useBadges.ts(130,5): error TS2769: No overload matches this call.
  Overload 1 of 3, '(options: DefinedInitialDataOptions<BadgeProgressResponse, Error, BadgeProgressResponse, readonly unknown[]>, queryClient?: QueryClient | undefined): DefinedUseQueryResult<...>', gave the following error.
    Type '() => Promise<{ progress: Record<string, BadgeProgress>; }>' is not assignable to type 'QueryFunction<BadgeProgressResponse, readonly unknown[]>'.
      Type 'Promise<{ progress: Record<string, BadgeProgress>; }>' is not assignable to type 'BadgeProgressResponse | Promise<BadgeProgressResponse>'.
        Type 'Promise<{ progress: Record<string, BadgeProgress>; }>' is not assignable to type 'Promise<BadgeProgressResponse>'.
          Type '{ progress: Record<string, BadgeProgress>; }' is missing the following properties from type 'BadgeProgressResponse': success, data
  Overload 2 of 3, '(options: UndefinedInitialDataOptions<BadgeProgressResponse, Error, BadgeProgressResponse, readonly unknown[]>, queryClient?: QueryClient | undefined): UseQueryResult<...>', gave the following error.
    Type '() => Promise<{ progress: Record<string, BadgeProgress>; }>' is not assignable to type 'unique symbol | QueryFunction<BadgeProgressResponse, readonly unknown[], never> | undefined'.
      Type '() => Promise<{ progress: Record<string, BadgeProgress>; }>' is not assignable to type 'QueryFunction<BadgeProgressResponse, readonly unknown[], never>'.
        Type 'Promise<{ progress: Record<string, BadgeProgress>; }>' is not assignable to type 'BadgeProgressResponse | Promise<BadgeProgressResponse>'.
          Type 'Promise<{ progress: Record<string, BadgeProgress>; }>' is not assignable to type 'Promise<BadgeProgressResponse>'.
            Type '{ progress: Record<string, BadgeProgress>; }' is missing the following properties from type 'BadgeProgressResponse': success, data
  Overload 3 of 3, '(options: UseQueryOptions<BadgeProgressResponse, Error, BadgeProgressResponse, readonly unknown[]>, queryClient?: QueryClient | undefined): UseQueryResult<...>', gave the following error.
    Type '() => Promise<{ progress: Record<string, BadgeProgress>; }>' is not assignable to type 'unique symbol | QueryFunction<BadgeProgressResponse, readonly unknown[], never> | undefined'.
      Type '() => Promise<{ progress: Record<string, BadgeProgress>; }>' is not assignable to type 'QueryFunction<BadgeProgressResponse, readonly unknown[], never>'.
        Type 'Promise<{ progress: Record<string, BadgeProgress>; }>' is not assignable to type 'BadgeProgressResponse | Promise<BadgeProgressResponse>'.
          Type 'Promise<{ progress: Record<string, BadgeProgress>; }>' is not assignable to type 'Promise<BadgeProgressResponse>'.
            Type '{ progress: Record<string, BadgeProgress>; }' is missing the following properties from type 'BadgeProgressResponse': success, data
src/features/forum/hooks/useBadges.ts(155,5): error TS2769: No overload matches this call.
  Overload 1 of 3, '(options: DefinedInitialDataOptions<UserBadgesResponse, Error, UserBadgesResponse, readonly unknown[]>, queryClient?: QueryClient | undefined): DefinedUseQueryResult<...>', gave the following error.
    Type '() => Promise<{ earned: UserBadge[]; progress: BadgeWithProgress[]; stats: BadgeStats; }>' is not assignable to type 'QueryFunction<UserBadgesResponse, readonly unknown[]>'.
      Type 'Promise<{ earned: UserBadge[]; progress: BadgeWithProgress[]; stats: BadgeStats; }>' is not assignable to type 'UserBadgesResponse | Promise<UserBadgesResponse>'.
        Type 'Promise<{ earned: UserBadge[]; progress: BadgeWithProgress[]; stats: BadgeStats; }>' is not assignable to type 'Promise<UserBadgesResponse>'.
          Type '{ earned: UserBadge[]; progress: BadgeWithProgress[]; stats: BadgeStats; }' is missing the following properties from type 'UserBadgesResponse': success, data
  Overload 2 of 3, '(options: UndefinedInitialDataOptions<UserBadgesResponse, Error, UserBadgesResponse, readonly unknown[]>, queryClient?: QueryClient | undefined): UseQueryResult<...>', gave the following error.
    Type '() => Promise<{ earned: UserBadge[]; progress: BadgeWithProgress[]; stats: BadgeStats; }>' is not assignable to type 'unique symbol | QueryFunction<UserBadgesResponse, readonly unknown[], never> | undefined'.
      Type '() => Promise<{ earned: UserBadge[]; progress: BadgeWithProgress[]; stats: BadgeStats; }>' is not assignable to type 'QueryFunction<UserBadgesResponse, readonly unknown[], never>'.
        Type 'Promise<{ earned: UserBadge[]; progress: BadgeWithProgress[]; stats: BadgeStats; }>' is not assignable to type 'UserBadgesResponse | Promise<UserBadgesResponse>'.
          Type 'Promise<{ earned: UserBadge[]; progress: BadgeWithProgress[]; stats: BadgeStats; }>' is not assignable to type 'Promise<UserBadgesResponse>'.
            Type '{ earned: UserBadge[]; progress: BadgeWithProgress[]; stats: BadgeStats; }' is missing the following properties from type 'UserBadgesResponse': success, data
  Overload 3 of 3, '(options: UseQueryOptions<UserBadgesResponse, Error, UserBadgesResponse, readonly unknown[]>, queryClient?: QueryClient | undefined): UseQueryResult<...>', gave the following error.
    Type '() => Promise<{ earned: UserBadge[]; progress: BadgeWithProgress[]; stats: BadgeStats; }>' is not assignable to type 'unique symbol | QueryFunction<UserBadgesResponse, readonly unknown[], never> | undefined'.
      Type '() => Promise<{ earned: UserBadge[]; progress: BadgeWithProgress[]; stats: BadgeStats; }>' is not assignable to type 'QueryFunction<UserBadgesResponse, readonly unknown[], never>'.
        Type 'Promise<{ earned: UserBadge[]; progress: BadgeWithProgress[]; stats: BadgeStats; }>' is not assignable to type 'UserBadgesResponse | Promise<UserBadgesResponse>'.
          Type 'Promise<{ earned: UserBadge[]; progress: BadgeWithProgress[]; stats: BadgeStats; }>' is not assignable to type 'Promise<UserBadgesResponse>'.
            Type '{ earned: UserBadge[]; progress: BadgeWithProgress[]; stats: BadgeStats; }' is missing the following properties from type 'UserBadgesResponse': success, data
src/features/forum/hooks/useModeration.ts(61,20): error TS6133: 'variables' is declared but its value is never read.
src/features/forum/hooks/useModeration.ts(77,20): error TS6133: 'variables' is declared but its value is never read.
src/features/forum/hooks/usePolls.ts(114,28): error TS6133: 'topicId' is declared but its value is never read.
src/features/forum/hooks/useReputation.ts(24,23): error TS2339: Property 'data' does not exist on type 'UserReputation'.
src/features/forum/hooks/useReputation.ts(28,5): error TS2353: Object literal may only specify known properties, and 'enabled' does not exist in type 'UseSuspenseQueryOptions<any, Error, any, string[]>'.
src/features/forum/hooks/useSearchSuggestions.ts(10,53): error TS6133: 'debounceDelay' is declared but its value is never read.
src/features/forum/hooks/useTopic.ts(28,7): error TS2353: Object literal may only specify known properties, and 'enabled' does not exist in type 'UseSuspenseQueryOptions<ForumTopic, Error, ForumTopic, string[]>'.
src/features/forum/hooks/useTopics.ts(29,7): error TS2353: Object literal may only specify known properties, and 'enabled' does not exist in type 'UseSuspenseQueryOptions<{ topics: ForumTopic[]; pagination: { page: number; limit: number; totalCount: number; totalPages: number; hasNextPage: boolean; hasPreviousPage: boolean; }; }, Error, { ...; }, (string | ... 1 more ... | undefined)[]>'.
src/features/forum/hooks/useUserVotes.ts(37,21): error TS2339: Property 'data' does not exist on type '{ votes: { voteableType: "topic" | "reply"; voteableId: string; voteType: number; }[]; } | { data: { votes: never[]; }; }'.
  Property 'data' does not exist on type '{ votes: { voteableType: "topic" | "reply"; voteableId: string; voteType: number; }[]; }'.
src/features/forum/hooks/useUserVotes.ts(40,18): error TS2339: Property 'data' does not exist on type '{ votes: { voteableType: "topic" | "reply"; voteableId: string; voteType: number; }[]; } | { data: { votes: never[]; }; }'.
  Property 'data' does not exist on type '{ votes: { voteableType: "topic" | "reply"; voteableId: string; voteType: number; }[]; }'.
src/features/forum/hooks/useUserVotes.ts(40,38): error TS7006: Parameter 'vote' implicitly has an 'any' type.
src/features/forum/hooks/useUserVotes.ts(50,24): error TS2339: Property 'data' does not exist on type '{ votes: { voteableType: "topic" | "reply"; voteableId: string; voteType: number; }[]; } | { data: { votes: never[]; }; }'.
  Property 'data' does not exist on type '{ votes: { voteableType: "topic" | "reply"; voteableId: string; voteType: number; }[]; }'.
src/features/forum/hooks/useVote.ts(128,46): error TS2339: Property 'data' does not exist on type '{ voteScore: number; userVote: number; }'.
src/features/forum/pages/BadgesPage.tsx(9,10): error TS2614: Module '"@/components/common/ErrorBoundary"' has no exported member 'ErrorBoundary'. Did you mean to use 'import ErrorBoundary from "@/components/common/ErrorBoundary"' instead?
src/features/forum/pages/CategoryDetail.tsx(15,3): error TS6133: 'Chip' is declared but its value is never read.
src/features/forum/pages/ModerationDashboard.tsx(19,3): error TS6133: 'Chip' is declared but its value is never read.
src/features/forum/pages/ModerationDashboard.tsx(78,17): error TS6133: 'reportStats' is declared but its value is never read.
src/features/forum/pages/ModerationDashboard.tsx(133,12): error TS2769: No overload matches this call.
  Overload 1 of 2, '(props: { component: ElementType<any, keyof IntrinsicElements>; } & GridBaseProps & { sx?: SxProps<Theme> | undefined; } & SystemProps<...> & Omit<...>): Element | null', gave the following error.
    Property 'component' is missing in type '{ children: Element; item: true; xs: number; md: number; }' but required in type '{ component: ElementType<any, keyof IntrinsicElements>; }'.
  Overload 2 of 2, '(props: DefaultComponentProps<GridTypeMap<{}, "div">>): Element | null', gave the following error.
    Type '{ children: Element; item: true; xs: number; md: number; }' is not assignable to type 'IntrinsicAttributes & GridBaseProps & { sx?: SxProps<Theme> | undefined; } & SystemProps<Theme> & Omit<...>'.
      Property 'item' does not exist on type 'IntrinsicAttributes & GridBaseProps & { sx?: SxProps<Theme> | undefined; } & SystemProps<Theme> & Omit<...>'.
src/features/forum/pages/ModerationDashboard.tsx(152,12): error TS2769: No overload matches this call.
  Overload 1 of 2, '(props: { component: ElementType<any, keyof IntrinsicElements>; } & GridBaseProps & { sx?: SxProps<Theme> | undefined; } & SystemProps<...> & Omit<...>): Element | null', gave the following error.
    Property 'component' is missing in type '{ children: Element; item: true; xs: number; md: number; }' but required in type '{ component: ElementType<any, keyof IntrinsicElements>; }'.
  Overload 2 of 2, '(props: DefaultComponentProps<GridTypeMap<{}, "div">>): Element | null', gave the following error.
    Type '{ children: Element; item: true; xs: number; md: number; }' is not assignable to type 'IntrinsicAttributes & GridBaseProps & { sx?: SxProps<Theme> | undefined; } & SystemProps<Theme> & Omit<...>'.
      Property 'item' does not exist on type 'IntrinsicAttributes & GridBaseProps & { sx?: SxProps<Theme> | undefined; } & SystemProps<Theme> & Omit<...>'.
src/features/forum/pages/ModerationDashboard.tsx(173,12): error TS2769: No overload matches this call.
  Overload 1 of 2, '(props: { component: ElementType<any, keyof IntrinsicElements>; } & GridBaseProps & { sx?: SxProps<Theme> | undefined; } & SystemProps<...> & Omit<...>): Element | null', gave the following error.
    Property 'component' is missing in type '{ children: Element; item: true; xs: number; md: number; }' but required in type '{ component: ElementType<any, keyof IntrinsicElements>; }'.
  Overload 2 of 2, '(props: DefaultComponentProps<GridTypeMap<{}, "div">>): Element | null', gave the following error.
    Type '{ children: Element; item: true; xs: number; md: number; }' is not assignable to type 'IntrinsicAttributes & GridBaseProps & { sx?: SxProps<Theme> | undefined; } & SystemProps<Theme> & Omit<...>'.
      Property 'item' does not exist on type 'IntrinsicAttributes & GridBaseProps & { sx?: SxProps<Theme> | undefined; } & SystemProps<Theme> & Omit<...>'.
src/features/forum/pages/ModerationDashboard.tsx(194,12): error TS2769: No overload matches this call.
  Overload 1 of 2, '(props: { component: ElementType<any, keyof IntrinsicElements>; } & GridBaseProps & { sx?: SxProps<Theme> | undefined; } & SystemProps<...> & Omit<...>): Element | null', gave the following error.
    Property 'component' is missing in type '{ children: Element; item: true; xs: number; md: number; }' but required in type '{ component: ElementType<any, keyof IntrinsicElements>; }'.
  Overload 2 of 2, '(props: DefaultComponentProps<GridTypeMap<{}, "div">>): Element | null', gave the following error.
    Type '{ children: Element; item: true; xs: number; md: number; }' is not assignable to type 'IntrinsicAttributes & GridBaseProps & { sx?: SxProps<Theme> | undefined; } & SystemProps<Theme> & Omit<...>'.
      Property 'item' does not exist on type 'IntrinsicAttributes & GridBaseProps & { sx?: SxProps<Theme> | undefined; } & SystemProps<Theme> & Omit<...>'.
src/features/forum/pages/ModerationDashboard.tsx(214,12): error TS2769: No overload matches this call.
  Overload 1 of 2, '(props: { component: ElementType<any, keyof IntrinsicElements>; } & GridBaseProps & { sx?: SxProps<Theme> | undefined; } & SystemProps<...> & Omit<...>): Element | null', gave the following error.
    Property 'component' is missing in type '{ children: Element; item: true; xs: number; }' but required in type '{ component: ElementType<any, keyof IntrinsicElements>; }'.
  Overload 2 of 2, '(props: DefaultComponentProps<GridTypeMap<{}, "div">>): Element | null', gave the following error.
    Type '{ children: Element; item: true; xs: number; }' is not assignable to type 'IntrinsicAttributes & GridBaseProps & { sx?: SxProps<Theme> | undefined; } & SystemProps<Theme> & Omit<...>'.
      Property 'item' does not exist on type 'IntrinsicAttributes & GridBaseProps & { sx?: SxProps<Theme> | undefined; } & SystemProps<Theme> & Omit<...>'.
src/features/forum/pages/ModerationQueue.tsx(6,49): error TS6133: 'useEffect' is declared but its value is never read.
src/features/forum/pages/ModerationQueue.tsx(21,3): error TS6133: 'CircularProgress' is declared but its value is never read.
src/features/forum/pages/ModerationQueue.tsx(25,3): error TS6133: 'Badge' is declared but its value is never read.
src/features/forum/pages/ModerationQueue.tsx(33,18): error TS6133: 'ResolveIcon' is declared but its value is never read.
src/features/forum/pages/ModerationQueue.tsx(89,25): error TS2339: Property 'data' does not exist on type '{ reports: any[]; pagination: { page: number; limit: number; totalCount: number; totalPages: number; hasNextPage: boolean; hasPreviousPage: boolean; }; }'.
src/features/forum/pages/ModerationQueue.tsx(90,28): error TS2339: Property 'data' does not exist on type '{ reports: any[]; pagination: { page: number; limit: number; totalCount: number; totalPages: number; hasNextPage: boolean; hasPreviousPage: boolean; }; }'.
src/features/forum/pages/ModerationQueue.tsx(91,33): error TS2339: Property 'data' does not exist on type '{ statistics: any; }'.
src/features/forum/pages/ModerationQueue.tsx(139,41): error TS7006: Parameter 'r' implicitly has an 'any' type.
src/features/forum/pages/ModerationQueue.tsx(173,14): error TS2769: No overload matches this call.
  Overload 1 of 2, '(props: { component: ElementType<any, keyof IntrinsicElements>; } & GridBaseProps & { sx?: SxProps<Theme> | undefined; } & SystemProps<...> & Omit<...>): Element | null', gave the following error.
    Property 'component' is missing in type '{ children: Element; item: true; xs: number; sm: number; md: number; }' but required in type '{ component: ElementType<any, keyof IntrinsicElements>; }'.
  Overload 2 of 2, '(props: DefaultComponentProps<GridTypeMap<{}, "div">>): Element | null', gave the following error.
    Type '{ children: Element; item: true; xs: number; sm: number; md: number; }' is not assignable to type 'IntrinsicAttributes & GridBaseProps & { sx?: SxProps<Theme> | undefined; } & SystemProps<Theme> & Omit<...>'.
      Property 'item' does not exist on type 'IntrinsicAttributes & GridBaseProps & { sx?: SxProps<Theme> | undefined; } & SystemProps<Theme> & Omit<...>'.
src/features/forum/pages/ModerationQueue.tsx(185,14): error TS2769: No overload matches this call.
  Overload 1 of 2, '(props: { component: ElementType<any, keyof IntrinsicElements>; } & GridBaseProps & { sx?: SxProps<Theme> | undefined; } & SystemProps<...> & Omit<...>): Element | null', gave the following error.
    Property 'component' is missing in type '{ children: Element; item: true; xs: number; sm: number; md: number; }' but required in type '{ component: ElementType<any, keyof IntrinsicElements>; }'.
  Overload 2 of 2, '(props: DefaultComponentProps<GridTypeMap<{}, "div">>): Element | null', gave the following error.
    Type '{ children: Element; item: true; xs: number; sm: number; md: number; }' is not assignable to type 'IntrinsicAttributes & GridBaseProps & { sx?: SxProps<Theme> | undefined; } & SystemProps<Theme> & Omit<...>'.
      Property 'item' does not exist on type 'IntrinsicAttributes & GridBaseProps & { sx?: SxProps<Theme> | undefined; } & SystemProps<Theme> & Omit<...>'.
src/features/forum/pages/ModerationQueue.tsx(197,14): error TS2769: No overload matches this call.
  Overload 1 of 2, '(props: { component: ElementType<any, keyof IntrinsicElements>; } & GridBaseProps & { sx?: SxProps<Theme> | undefined; } & SystemProps<...> & Omit<...>): Element | null', gave the following error.
    Property 'component' is missing in type '{ children: Element; item: true; xs: number; sm: number; md: number; }' but required in type '{ component: ElementType<any, keyof IntrinsicElements>; }'.
  Overload 2 of 2, '(props: DefaultComponentProps<GridTypeMap<{}, "div">>): Element | null', gave the following error.
    Type '{ children: Element; item: true; xs: number; sm: number; md: number; }' is not assignable to type 'IntrinsicAttributes & GridBaseProps & { sx?: SxProps<Theme> | undefined; } & SystemProps<Theme> & Omit<...>'.
      Property 'item' does not exist on type 'IntrinsicAttributes & GridBaseProps & { sx?: SxProps<Theme> | undefined; } & SystemProps<Theme> & Omit<...>'.
src/features/forum/pages/ModerationQueue.tsx(209,14): error TS2769: No overload matches this call.
  Overload 1 of 2, '(props: { component: ElementType<any, keyof IntrinsicElements>; } & GridBaseProps & { sx?: SxProps<Theme> | undefined; } & SystemProps<...> & Omit<...>): Element | null', gave the following error.
    Property 'component' is missing in type '{ children: Element; item: true; xs: number; sm: number; md: number; }' but required in type '{ component: ElementType<any, keyof IntrinsicElements>; }'.
  Overload 2 of 2, '(props: DefaultComponentProps<GridTypeMap<{}, "div">>): Element | null', gave the following error.
    Type '{ children: Element; item: true; xs: number; sm: number; md: number; }' is not assignable to type 'IntrinsicAttributes & GridBaseProps & { sx?: SxProps<Theme> | undefined; } & SystemProps<Theme> & Omit<...>'.
      Property 'item' does not exist on type 'IntrinsicAttributes & GridBaseProps & { sx?: SxProps<Theme> | undefined; } & SystemProps<Theme> & Omit<...>'.
src/features/forum/pages/ModerationQueue.tsx(236,16): error TS2769: No overload matches this call.
  Overload 1 of 2, '(props: { component: ElementType<any, keyof IntrinsicElements>; } & GridBaseProps & { sx?: SxProps<Theme> | undefined; } & SystemProps<...> & Omit<...>): Element | null', gave the following error.
    Property 'component' is missing in type '{ children: Element; item: true; xs: number; sm: number; md: number; }' but required in type '{ component: ElementType<any, keyof IntrinsicElements>; }'.
  Overload 2 of 2, '(props: DefaultComponentProps<GridTypeMap<{}, "div">>): Element | null', gave the following error.
    Type '{ children: Element; item: true; xs: number; sm: number; md: number; }' is not assignable to type 'IntrinsicAttributes & GridBaseProps & { sx?: SxProps<Theme> | undefined; } & SystemProps<Theme> & Omit<...>'.
      Property 'item' does not exist on type 'IntrinsicAttributes & GridBaseProps & { sx?: SxProps<Theme> | undefined; } & SystemProps<Theme> & Omit<...>'.
src/features/forum/pages/ModerationQueue.tsx(249,16): error TS2769: No overload matches this call.
  Overload 1 of 2, '(props: { component: ElementType<any, keyof IntrinsicElements>; } & GridBaseProps & { sx?: SxProps<Theme> | undefined; } & SystemProps<...> & Omit<...>): Element | null', gave the following error.
    Property 'component' is missing in type '{ children: Element; item: true; xs: number; sm: number; md: number; }' but required in type '{ component: ElementType<any, keyof IntrinsicElements>; }'.
  Overload 2 of 2, '(props: DefaultComponentProps<GridTypeMap<{}, "div">>): Element | null', gave the following error.
    Type '{ children: Element; item: true; xs: number; sm: number; md: number; }' is not assignable to type 'IntrinsicAttributes & GridBaseProps & { sx?: SxProps<Theme> | undefined; } & SystemProps<Theme> & Omit<...>'.
      Property 'item' does not exist on type 'IntrinsicAttributes & GridBaseProps & { sx?: SxProps<Theme> | undefined; } & SystemProps<Theme> & Omit<...>'.
src/features/forum/pages/ModerationQueue.tsx(262,16): error TS2769: No overload matches this call.
  Overload 1 of 2, '(props: { component: ElementType<any, keyof IntrinsicElements>; } & GridBaseProps & { sx?: SxProps<Theme> | undefined; } & SystemProps<...> & Omit<...>): Element | null', gave the following error.
    Property 'component' is missing in type '{ children: Element; item: true; xs: number; sm: number; md: number; }' but required in type '{ component: ElementType<any, keyof IntrinsicElements>; }'.
  Overload 2 of 2, '(props: DefaultComponentProps<GridTypeMap<{}, "div">>): Element | null', gave the following error.
    Type '{ children: Element; item: true; xs: number; sm: number; md: number; }' is not assignable to type 'IntrinsicAttributes & GridBaseProps & { sx?: SxProps<Theme> | undefined; } & SystemProps<Theme> & Omit<...>'.
      Property 'item' does not exist on type 'IntrinsicAttributes & GridBaseProps & { sx?: SxProps<Theme> | undefined; } & SystemProps<Theme> & Omit<...>'.
src/features/forum/pages/ModerationQueue.tsx(274,16): error TS2769: No overload matches this call.
  Overload 1 of 2, '(props: { component: ElementType<any, keyof IntrinsicElements>; } & GridBaseProps & { sx?: SxProps<Theme> | undefined; } & SystemProps<...> & Omit<...>): Element | null', gave the following error.
    Property 'component' is missing in type '{ children: Element; item: true; xs: number; sm: number; md: number; }' but required in type '{ component: ElementType<any, keyof IntrinsicElements>; }'.
  Overload 2 of 2, '(props: DefaultComponentProps<GridTypeMap<{}, "div">>): Element | null', gave the following error.
    Type '{ children: Element; item: true; xs: number; sm: number; md: number; }' is not assignable to type 'IntrinsicAttributes & GridBaseProps & { sx?: SxProps<Theme> | undefined; } & SystemProps<Theme> & Omit<...>'.
      Property 'item' does not exist on type 'IntrinsicAttributes & GridBaseProps & { sx?: SxProps<Theme> | undefined; } & SystemProps<Theme> & Omit<...>'.
src/features/forum/pages/NewTopicPage.tsx(28,11): error TS2339: Property 'data' does not exist on type '{ categories: ForumCategory[]; count: number; isLoading: false; error: Error | null; }'.
src/features/forum/pages/NewTopicPage.tsx(53,51): error TS2345: Argument of type '{ title: string; content: string; categoryId: string; type: "discussion" | "question" | "showcase" | "tutorial" | "announcement" | "paper"; isDraft: boolean; tags: string[]; poll: { question: string; allowMultiple: boolean; endsAt: string | null; options: string[]; } | undefined; }' is not assignable to parameter of type 'CreateTopicInput'.
  Types of property 'poll' are incompatible.
    Type '{ question: string; allowMultiple: boolean; endsAt: string | null; options: string[]; } | undefined' is not assignable to type '{ question: string; allowMultiple: boolean; isAnonymous: boolean; endsAt?: string | undefined; options: string[]; } | undefined'.
      Property 'isAnonymous' is missing in type '{ question: string; allowMultiple: boolean; endsAt: string | null; options: string[]; }' but required in type '{ question: string; allowMultiple: boolean; isAnonymous: boolean; endsAt?: string | undefined; options: string[]; }'.
src/features/forum/pages/PromptDetail.tsx(30,25): error TS2307: Cannot find module '~/features/auth/hooks/useAuth' or its corresponding type declarations.
src/features/forum/pages/PromptDetail.tsx(293,19): error TS2322: Type '(content: string) => Promise<void>' is not assignable to type '() => void'.
  Target signature provides too few arguments. Expected 1 or more, but got 0.
src/features/forum/pages/PromptDetail.tsx(302,16): error TS2740: Type '{ replies: ForumReply[]; topicId: string; }' is missing the following properties from type 'ReplyTreeProps': topicType, topicAuthorId, acceptedAnswerId, sortBy, and 4 more.
src/features/forum/pages/PromptEditor.tsx(46,7): error TS7034: Variable 'promptData' implicitly has type 'any' in some locations where its type cannot be determined.
src/features/forum/pages/PromptEditor.tsx(61,5): error TS2322: Type 'Resolver<{ title: string; content: string; category: string; useCase: string; model?: string | undefined; isPublic?: boolean | undefined; temperature?: number | undefined; maxTokens?: number | undefined; ... 4 more ...; userPrompt?: string | undefined; }, any, { ...; }>' is not assignable to type 'Resolver<{ title: string; content: string; category: string; useCase: string; isPublic: boolean; model?: string | undefined; temperature?: number | undefined; maxTokens?: number | undefined; topP?: number | undefined; frequencyPenalty?: number | undefined; presencePenalty?: number | undefined; systemPrompt?: string ...'.
  Types of parameters 'options' and 'options' are incompatible.
    Type 'ResolverOptions<{ title: string; content: string; category: string; useCase: string; isPublic: boolean; model?: string | undefined; temperature?: number | undefined; maxTokens?: number | undefined; topP?: number | undefined; frequencyPenalty?: number | undefined; presencePenalty?: number | undefined; systemPrompt?: ...' is not assignable to type 'ResolverOptions<{ title: string; content: string; category: string; useCase: string; model?: string | undefined; isPublic?: boolean | undefined; temperature?: number | undefined; maxTokens?: number | undefined; ... 4 more ...; userPrompt?: string | undefined; }>'.
      Type 'boolean | undefined' is not assignable to type 'boolean'.
        Type 'undefined' is not assignable to type 'boolean'.
src/features/forum/pages/PromptEditor.tsx(80,19): error TS7005: Variable 'promptData' implicitly has an 'any' type.
src/features/forum/pages/PromptEditor.tsx(164,36): error TS2345: Argument of type '(data: PromptFormData) => Promise<void>' is not assignable to parameter of type 'SubmitHandler<TFieldValues>'.
  Types of parameters 'data' and 'data' are incompatible.
    Type 'TFieldValues' is not assignable to type '{ title: string; content: string; category: string; useCase: string; isPublic: boolean; model?: string | undefined; temperature?: number | undefined; maxTokens?: number | undefined; topP?: number | undefined; frequencyPenalty?: number | undefined; presencePenalty?: number | undefined; systemPrompt?: string | undefin...'.
      Type 'FieldValues' is missing the following properties from type '{ title: string; content: string; category: string; useCase: string; isPublic: boolean; model?: string | undefined; temperature?: number | undefined; maxTokens?: number | undefined; topP?: number | undefined; frequencyPenalty?: number | undefined; presencePenalty?: number | undefined; systemPrompt?: string | undefin...': title, content, category, useCase, isPublic
src/features/forum/pages/PromptEditor.tsx(210,18): error TS2741: Property 'options' is missing in type '{ children: (Element | Element[])[]; onChange: ChangeHandler; onBlur: ChangeHandler; ref: RefCallBack; name: "category"; min?: string | ... 1 more ... | undefined; ... 6 more ...; id: string; }' but required in type 'SelectProps'.
src/features/forum/pages/PromptEditor.tsx(227,18): error TS2741: Property 'options' is missing in type '{ children: (Element | Element[])[]; onChange: ChangeHandler; onBlur: ChangeHandler; ref: RefCallBack; name: "useCase"; min?: string | ... 1 more ... | undefined; ... 6 more ...; id: string; }' but required in type 'SelectProps'.
src/features/forum/pages/PromptEditor.tsx(244,16): error TS2741: Property 'options' is missing in type '{ children: (Element | Element[])[]; onChange: ChangeHandler; onBlur: ChangeHandler; ref: RefCallBack; name: "model"; min?: string | ... 1 more ... | undefined; ... 6 more ...; id: string; }' but required in type 'SelectProps'.
src/features/forum/pages/PromptLibrary.tsx(99,14): error TS2741: Property 'options' is missing in type '{ children: (Element | Element[])[]; id: string; value: string; onChange: (e: ChangeEvent<HTMLSelectElement>) => void; }' but required in type 'SelectProps'.
src/features/forum/pages/PromptLibrary.tsx(116,14): error TS2741: Property 'options' is missing in type '{ children: (Element | Element[])[]; id: string; value: string; onChange: (e: ChangeEvent<HTMLSelectElement>) => void; }' but required in type 'SelectProps'.
src/features/forum/pages/PromptLibrary.tsx(133,14): error TS2741: Property 'options' is missing in type '{ children: (Element | Element[])[]; id: string; value: string; onChange: (e: ChangeEvent<HTMLSelectElement>) => void; }' but required in type 'SelectProps'.
src/features/forum/pages/PromptLibrary.tsx(150,14): error TS2741: Property 'options' is missing in type '{ children: Element[]; id: string; value: string; onChange: (e: ChangeEvent<HTMLSelectElement>) => void; }' but required in type 'SelectProps'.
src/features/forum/pages/SearchResults.tsx(36,15): error TS6133: 'BookmarkIcon' is declared but its value is never read.
src/features/forum/pages/SearchResults.tsx(215,12): error TS2769: No overload matches this call.
  Overload 1 of 2, '(props: { component: ElementType<any, keyof IntrinsicElements>; } & GridBaseProps & { sx?: SxProps<Theme> | undefined; } & SystemProps<...> & Omit<...>): Element | null', gave the following error.
    Property 'component' is missing in type '{ children: Element; item: true; xs: number; md: number; }' but required in type '{ component: ElementType<any, keyof IntrinsicElements>; }'.
  Overload 2 of 2, '(props: DefaultComponentProps<GridTypeMap<{}, "div">>): Element | null', gave the following error.
    Type '{ children: Element; item: true; xs: number; md: number; }' is not assignable to type 'IntrinsicAttributes & GridBaseProps & { sx?: SxProps<Theme> | undefined; } & SystemProps<Theme> & Omit<...>'.
      Property 'item' does not exist on type 'IntrinsicAttributes & GridBaseProps & { sx?: SxProps<Theme> | undefined; } & SystemProps<Theme> & Omit<...>'.
src/features/forum/pages/SearchResults.tsx(221,10): error TS2769: No overload matches this call.
  Overload 1 of 2, '(props: { component: ElementType<any, keyof IntrinsicElements>; } & GridBaseProps & { sx?: SxProps<Theme> | undefined; } & SystemProps<...> & Omit<...>): Element | null', gave the following error.
    Property 'component' is missing in type '{ children: Element; item: true; xs: number; md: number; }' but required in type '{ component: ElementType<any, keyof IntrinsicElements>; }'.
  Overload 2 of 2, '(props: DefaultComponentProps<GridTypeMap<{}, "div">>): Element | null', gave the following error.
    Type '{ children: Element; item: true; xs: number; md: number; }' is not assignable to type 'IntrinsicAttributes & GridBaseProps & { sx?: SxProps<Theme> | undefined; } & SystemProps<Theme> & Omit<...>'.
      Property 'item' does not exist on type 'IntrinsicAttributes & GridBaseProps & { sx?: SxProps<Theme> | undefined; } & SystemProps<Theme> & Omit<...>'.
src/features/forum/pages/TopicDetail.tsx(44,11): error TS2339: Property 'user' does not exist on type '{ login: (data: { email: string; password: string; rememberMe?: boolean | undefined; }) => Promise<AuthResponse>; register: (data: { username: string; email: string; password: string; confirmPassword: string; }) => Promise<...>; ... 7 more ...; logoutError: Error | null; }'.
src/features/forum/pages/UnansweredQuestionsPage.tsx(29,17): error TS6133: 'ViewIcon' is declared but its value is never read.
src/features/forum/pages/UnansweredQuestionsPage.tsx(30,14): error TS6133: 'VoteIcon' is declared but its value is never read.
src/features/forum/pages/UnansweredQuestionsPage.tsx(31,15): error TS6133: 'TimeIcon' is declared but its value is never read.
src/features/forum/pages/UnansweredQuestionsPage.tsx(36,1): error TS6133: 'formatDistanceToNow' is declared but its value is never read.
src/features/forum/types/index.ts(534,1): error TS2308: Module './moderation' has already exported a member named 'Report'. Consider explicitly re-exporting to resolve the ambiguity.
src/features/forum/types/index.ts(534,1): error TS2308: Module './moderation' has already exported a member named 'ReportReason'. Consider explicitly re-exporting to resolve the ambiguity.
src/features/forum/types/index.ts(534,1): error TS2308: Module './moderation' has already exported a member named 'ReportStatus'. Consider explicitly re-exporting to resolve the ambiguity.
src/features/forum/types/topic.ts(108,11): error TS2769: No overload matches this call.
  Overload 1 of 2, '(values: readonly ["discussion", "question", "showcase", "tutorial", "announcement", "paper"], params?: string | { error?: string | $ZodErrorMap<$ZodIssueInvalidValue<unknown>> | undefined; message?: string | undefined; } | undefined): ZodEnum<...>', gave the following error.
    Object literal may only specify known properties, and 'errorMap' does not exist in type '{ error?: string | $ZodErrorMap<$ZodIssueInvalidValue<unknown>> | undefined; message?: string | undefined; }'.
  Overload 2 of 2, '(entries: Readonly<Record<string, EnumValue>>, params?: string | { error?: string | $ZodErrorMap<$ZodIssueInvalidValue<unknown>> | undefined; message?: string | undefined; } | undefined): ZodEnum<...>', gave the following error.
    Argument of type 'readonly ["discussion", "question", "showcase", "tutorial", "announcement", "paper"]' is not assignable to parameter of type 'Readonly<Record<string, EnumValue>>'.
      Index signature for type 'string' is missing in type 'readonly ["discussion", "question", "showcase", "tutorial", "announcement", "paper"]'.
src/features/guide/components/AlphabetNav.tsx(13,46): error TS7006: Parameter 'item' implicitly has an 'any' type.
src/features/guide/components/AlphabetNav.tsx(38,30): error TS2365: Operator '>' cannot be applied to types '{}' and 'number'.
src/features/guide/components/CategoryFilter.tsx(29,35): error TS7006: Parameter 'sum' implicitly has an 'any' type.
src/features/guide/components/CategoryFilter.tsx(29,40): error TS7006: Parameter 'cat' implicitly has an 'any' type.
src/features/guide/components/CategoryFilter.tsx(33,25): error TS7006: Parameter 'category' implicitly has an 'any' type.
src/features/guide/components/GlossarySearchBar.tsx(96,50): error TS7006: Parameter 'term' implicitly has an 'any' type.
src/features/guide/components/PopularTerms.tsx(30,28): error TS7006: Parameter 'term' implicitly has an 'any' type.
src/features/guide/components/PopularTerms.tsx(30,34): error TS7006: Parameter 'index' implicitly has an 'any' type.
src/features/guide/components/UseCaseFilters.tsx(81,12): error TS2741: Property 'options' is missing in type '{ children: (Element | Element[])[]; value: string; onChange: (e: ChangeEvent<HTMLSelectElement>) => void; }' but required in type 'SelectProps'.
src/features/guide/components/UseCaseFilters.tsx(99,12): error TS2741: Property 'options' is missing in type '{ children: (Element | Element[])[]; value: string; onChange: (e: ChangeEvent<HTMLSelectElement>) => void; }' but required in type 'SelectProps'.
src/features/guide/components/UseCaseFilters.tsx(117,12): error TS2741: Property 'options' is missing in type '{ children: (Element | Element[])[]; value: string; onChange: (e: ChangeEvent<HTMLSelectElement>) => void; }' but required in type 'SelectProps'.
src/features/guide/components/__tests__/GlossarySearchBar.test.tsx(2,26): error TS6133: 'fireEvent' is declared but its value is never read.
src/features/guide/components/__tests__/GlossarySearchBar.test.tsx(3,23): error TS2307: Cannot find module '@testing-library/user-event' or its corresponding type declarations.
src/features/guide/components/__tests__/UseCaseCard.test.tsx(8,3): error TS2322: Type 'number' is not assignable to type 'string'.
src/features/guide/components/__tests__/UseCaseCard.test.tsx(14,3): error TS2322: Type '"published"' is not assignable to type '"PENDING" | "APPROVED" | "REJECTED"'.
src/features/guide/components/__tests__/UseCaseCard.test.tsx(16,15): error TS2322: Type 'string' is not assignable to type 'TechStackBadge'.
src/features/guide/components/__tests__/UseCaseCard.test.tsx(16,24): error TS2322: Type 'string' is not assignable to type 'TechStackBadge'.
src/features/guide/components/__tests__/UseCaseCard.test.tsx(16,37): error TS2322: Type 'string' is not assignable to type 'TechStackBadge'.
src/features/guide/components/__tests__/UseCaseCard.test.tsx(16,49): error TS2322: Type 'string' is not assignable to type 'TechStackBadge'.
src/features/guide/components/__tests__/UseCaseCard.test.tsx(19,3): error TS2322: Type '"RAG"' is not assignable to type '"FULL_INTEGRATION" | "PILOT" | "PROOF_OF_CONCEPT" | "RESEARCH"'.
src/features/guide/components/__tests__/UseCaseCard.test.tsx(20,3): error TS2322: Type '"medium"' is not assignable to type '"STARTUP" | "SME" | "ENTERPRISE" | undefined'.
src/features/guide/components/__tests__/UseCaseCard.test.tsx(147,7): error TS2353: Object literal may only specify known properties, and 'company' does not exist in type 'UseCase'.
src/features/guide/components/index.ts(3,10): error TS1448: 'default' resolves to a type-only declaration and must be re-exported using a type-only re-export when 'verbatimModuleSyntax' is enabled.
src/features/guide/hooks/useGlossary.ts(43,28): error TS2339: Property 'data' does not exist on type 'GlossaryTerm[]'.
src/features/guide/hooks/useGlossary.ts(53,35): error TS7006: Parameter 'acc' implicitly has an 'any' type.
src/features/guide/hooks/useGlossary.ts(53,40): error TS7006: Parameter 'term' implicitly has an 'any' type.
src/features/guide/hooks/useGlossary.ts(78,28): error TS2339: Property 'data' does not exist on type 'GlossaryTerm'.
src/features/guide/hooks/useGlossary.ts(94,28): error TS2339: Property 'data' does not exist on type 'GlossarySearchResult'.
src/features/guide/hooks/useGlossary.ts(96,5): error TS2353: Object literal may only specify known properties, and 'enabled' does not exist in type 'UseSuspenseQueryOptions<any, Error, any, readonly ["glossary", "search", string]>'.
src/features/guide/hooks/useGlossary.ts(106,28): error TS2339: Property 'data' does not exist on type 'GlossaryCategory[]'.
src/features/guide/hooks/useGlossary.ts(117,28): error TS2339: Property 'data' does not exist on type 'GlossaryAlphabet[]'.
src/features/guide/hooks/useGlossary.ts(128,28): error TS2339: Property 'data' does not exist on type 'PopularTerm[]'.
src/features/guide/pages/SubmitUseCasePage.tsx(301,18): error TS2741: Property 'options' is missing in type '{ children: (Element | Element[])[]; value: string; onChange: (e: ChangeEvent<HTMLSelectElement>) => void; }' but required in type 'SelectProps'.
src/features/guide/pages/SubmitUseCasePage.tsx(321,18): error TS2741: Property 'options' is missing in type '{ children: (Element | Element[])[]; required: true; value: string; onChange: (e: ChangeEvent<HTMLSelectElement>) => void; }' but required in type 'SelectProps'.
src/features/guide/pages/SubmitUseCasePage.tsx(339,18): error TS2741: Property 'options' is missing in type '{ children: (Element | Element[])[]; required: true; value: string; onChange: (e: ChangeEvent<HTMLSelectElement>) => void; }' but required in type 'SelectProps'.
src/features/guide/pages/SubmitUseCasePage.tsx(357,18): error TS2741: Property 'options' is missing in type '{ children: (Element | Element[])[]; required: true; value: string; onChange: (e: ChangeEvent<HTMLSelectElement>) => void; }' but required in type 'SelectProps'.
src/features/guide/pages/TermDetailPage.tsx(11,11): error TS2339: Property 'showSuccess' does not exist on type '{ toasts: Toast[]; toast: { success: (message: string, title?: string | undefined) => string; error: (message: string, title?: string | undefined) => string; info: (message: string, title?: string | undefined) => string; warning: (message: string, title?: string | undefined) => string; }; removeToast: (id: string) =...'.
src/features/guide/pages/TermDetailPage.tsx(133,43): error TS7006: Parameter 'example' implicitly has an 'any' type.
src/features/guide/pages/TermDetailPage.tsx(133,52): error TS7006: Parameter 'index' implicitly has an 'any' type.
src/features/guide/pages/TermDetailPage.tsx(154,46): error TS7006: Parameter 'relatedTerm' implicitly has an 'any' type.
src/features/guide/pages/UseCaseDetailPage.tsx(1,17): error TS6133: 'Suspense' is declared but its value is never read.
src/features/guide/pages/UseCasesLibraryPage.tsx(6,8): error TS1485: 'UseCaseFilters' resolves to a type-only declaration and must be imported using a type-only import when 'verbatimModuleSyntax' is enabled.
src/features/guide/pages/UseCasesLibraryPage.tsx(96,18): error TS2741: Property 'options' is missing in type '{ children: Element[]; value: UseCaseSortOption; onChange: (e: ChangeEvent<HTMLSelectElement>) => void; }' but required in type 'SelectProps'.
src/features/jobs/__tests__/EndorseButton.test.tsx(46,31): error TS2339: Property 'checkEndorsement' does not exist on type 'typeof import("/home/user/NEURM/frontend/src/features/jobs/api/endorsementsApi")'.
src/features/jobs/__tests__/EndorseButton.test.tsx(51,22): error TS2322: Type '{ skill: { id: string; skillName: string; proficiency: number; endorsementCount: number; }; profileUsername: string; }' is not assignable to type 'IntrinsicAttributes & EndorseButtonProps'.
  Property 'skill' does not exist on type 'IntrinsicAttributes & EndorseButtonProps'. Did you mean 'skillId'?
src/features/jobs/__tests__/EndorseButton.test.tsx(60,31): error TS2339: Property 'checkEndorsement' does not exist on type 'typeof import("/home/user/NEURM/frontend/src/features/jobs/api/endorsementsApi")'.
src/features/jobs/__tests__/EndorseButton.test.tsx(65,22): error TS2322: Type '{ skill: { id: string; skillName: string; proficiency: number; endorsementCount: number; }; profileUsername: string; }' is not assignable to type 'IntrinsicAttributes & EndorseButtonProps'.
  Property 'skill' does not exist on type 'IntrinsicAttributes & EndorseButtonProps'. Did you mean 'skillId'?
src/features/jobs/__tests__/EndorseButton.test.tsx(75,22): error TS2322: Type '{ skill: { id: string; skillName: string; proficiency: number; endorsementCount: number; }; profileUsername: string; }' is not assignable to type 'IntrinsicAttributes & EndorseButtonProps'.
  Property 'skill' does not exist on type 'IntrinsicAttributes & EndorseButtonProps'. Did you mean 'skillId'?
src/features/jobs/__tests__/EndorseButton.test.tsx(82,31): error TS2339: Property 'checkEndorsement' does not exist on type 'typeof import("/home/user/NEURM/frontend/src/features/jobs/api/endorsementsApi")'.
src/features/jobs/__tests__/EndorseButton.test.tsx(86,51): error TS2339: Property 'endorseSkill' does not exist on type 'typeof import("/home/user/NEURM/frontend/src/features/jobs/api/endorsementsApi")'.
src/features/jobs/__tests__/EndorseButton.test.tsx(96,22): error TS2322: Type '{ skill: { id: string; skillName: string; proficiency: number; endorsementCount: number; }; profileUsername: string; }' is not assignable to type 'IntrinsicAttributes & EndorseButtonProps'.
  Property 'skill' does not exist on type 'IntrinsicAttributes & EndorseButtonProps'. Did you mean 'skillId'?
src/features/jobs/__tests__/EndorseButton.test.tsx(112,31): error TS2339: Property 'checkEndorsement' does not exist on type 'typeof import("/home/user/NEURM/frontend/src/features/jobs/api/endorsementsApi")'.
src/features/jobs/__tests__/EndorseButton.test.tsx(116,53): error TS2339: Property 'unendorseSkill' does not exist on type 'typeof import("/home/user/NEURM/frontend/src/features/jobs/api/endorsementsApi")'.
src/features/jobs/__tests__/EndorseButton.test.tsx(120,22): error TS2322: Type '{ skill: { id: string; skillName: string; proficiency: number; endorsementCount: number; }; profileUsername: string; }' is not assignable to type 'IntrinsicAttributes & EndorseButtonProps'.
  Property 'skill' does not exist on type 'IntrinsicAttributes & EndorseButtonProps'. Did you mean 'skillId'?
src/features/jobs/__tests__/EndorseButton.test.tsx(136,31): error TS2339: Property 'checkEndorsement' does not exist on type 'typeof import("/home/user/NEURM/frontend/src/features/jobs/api/endorsementsApi")'.
src/features/jobs/__tests__/EndorseButton.test.tsx(140,31): error TS2339: Property 'endorseSkill' does not exist on type 'typeof import("/home/user/NEURM/frontend/src/features/jobs/api/endorsementsApi")'.
src/features/jobs/__tests__/EndorseButton.test.tsx(149,22): error TS2322: Type '{ skill: { id: string; skillName: string; proficiency: number; endorsementCount: number; }; profileUsername: string; }' is not assignable to type 'IntrinsicAttributes & EndorseButtonProps'.
  Property 'skill' does not exist on type 'IntrinsicAttributes & EndorseButtonProps'. Did you mean 'skillId'?
src/features/jobs/__tests__/EndorseButton.test.tsx(163,31): error TS2339: Property 'checkEndorsement' does not exist on type 'typeof import("/home/user/NEURM/frontend/src/features/jobs/api/endorsementsApi")'.
src/features/jobs/__tests__/EndorseButton.test.tsx(168,31): error TS2339: Property 'endorseSkill' does not exist on type 'typeof import("/home/user/NEURM/frontend/src/features/jobs/api/endorsementsApi")'.
src/features/jobs/__tests__/EndorseButton.test.tsx(173,22): error TS2322: Type '{ skill: { id: string; skillName: string; proficiency: number; endorsementCount: number; }; profileUsername: string; }' is not assignable to type 'IntrinsicAttributes & EndorseButtonProps'.
  Property 'skill' does not exist on type 'IntrinsicAttributes & EndorseButtonProps'. Did you mean 'skillId'?
src/features/jobs/__tests__/EndorseButton.test.tsx(186,31): error TS2339: Property 'checkEndorsement' does not exist on type 'typeof import("/home/user/NEURM/frontend/src/features/jobs/api/endorsementsApi")'.
src/features/jobs/__tests__/EndorseButton.test.tsx(190,31): error TS2339: Property 'endorseSkill' does not exist on type 'typeof import("/home/user/NEURM/frontend/src/features/jobs/api/endorsementsApi")'.
src/features/jobs/__tests__/EndorseButton.test.tsx(195,22): error TS2322: Type '{ skill: { id: string; skillName: string; proficiency: number; endorsementCount: number; }; profileUsername: string; }' is not assignable to type 'IntrinsicAttributes & EndorseButtonProps'.
  Property 'skill' does not exist on type 'IntrinsicAttributes & EndorseButtonProps'. Did you mean 'skillId'?
src/features/jobs/__tests__/EndorseButton.test.tsx(212,31): error TS2339: Property 'checkEndorsement' does not exist on type 'typeof import("/home/user/NEURM/frontend/src/features/jobs/api/endorsementsApi")'.
src/features/jobs/__tests__/EndorseButton.test.tsx(217,22): error TS2322: Type '{ skill: { id: string; skillName: string; proficiency: number; endorsementCount: number; }; profileUsername: string; }' is not assignable to type 'IntrinsicAttributes & EndorseButtonProps'.
  Property 'skill' does not exist on type 'IntrinsicAttributes & EndorseButtonProps'. Did you mean 'skillId'?
src/features/jobs/__tests__/EndorseButton.test.tsx(224,31): error TS2339: Property 'checkEndorsement' does not exist on type 'typeof import("/home/user/NEURM/frontend/src/features/jobs/api/endorsementsApi")'.
src/features/jobs/__tests__/EndorseButton.test.tsx(228,31): error TS2339: Property 'getEndorsers' does not exist on type 'typeof import("/home/user/NEURM/frontend/src/features/jobs/api/endorsementsApi")'.
src/features/jobs/__tests__/EndorseButton.test.tsx(245,22): error TS2322: Type '{ skill: { id: string; skillName: string; proficiency: number; endorsementCount: number; }; profileUsername: string; }' is not assignable to type 'IntrinsicAttributes & EndorseButtonProps'.
  Property 'skill' does not exist on type 'IntrinsicAttributes & EndorseButtonProps'. Did you mean 'skillId'?
src/features/jobs/components/JobFilters.tsx(6,15): error TS2395: Individual declarations in merged declaration 'JobFilters' must be all exported or all local.
src/features/jobs/components/JobFilters.tsx(72,14): error TS2395: Individual declarations in merged declaration 'JobFilters' must be all exported or all local.
src/features/jobs/components/PreviewModal.tsx(2,10): error TS6133: 'X' is declared but its value is never read.
src/features/jobs/components/PreviewModal.tsx(2,32): error TS6133: 'Clock' is declared but its value is never read.
src/features/jobs/components/PreviewModal.tsx(46,12): error TS2322: Type '{ children: Element; isOpen: boolean; onClose: () => void; title: string; size: string; }' is not assignable to type 'IntrinsicAttributes & DialogProps'.
  Property 'isOpen' does not exist on type 'IntrinsicAttributes & DialogProps'. Did you mean 'open'?
src/features/jobs/components/RequirementsStep.tsx(77,11): error TS2322: Type '{ skillName: string; skillType: string; requiredLevel: number; isRequired: boolean; }[]' is not assignable to type 'JobSkill[]'.
  Type '{ skillName: string; skillType: string; requiredLevel: number; isRequired: boolean; }' is not assignable to type 'JobSkill'.
    Types of property 'skillType' are incompatible.
      Type 'string' is not assignable to type 'SkillType'.
src/features/jobs/components/RequirementsStep.tsx(78,55): error TS2345: Argument of type 'JobSkill[]' is not assignable to parameter of type '{ skillName: string; skillType: string; requiredLevel: number; isRequired: boolean; }[]'.
  Property 'isRequired' is missing in type 'JobSkill' but required in type '{ skillName: string; skillType: string; requiredLevel: number; isRequired: boolean; }'.
src/features/jobs/components/TechStackStep.tsx(3,13): error TS6133: 'Plus' is declared but its value is never read.
src/features/jobs/components/TechStackStep.tsx(6,1): error TS6133: 'Button' is declared but its value is never read.
src/features/jobs/components/alerts/AlertForm.tsx(2,19): error TS6133: 'Controller' is declared but its value is never read.
src/features/jobs/components/alerts/AlertForm.tsx(68,5): error TS6133: 'control' is declared but its value is never read.
src/features/jobs/components/alerts/AlertForm.tsx(71,16): error TS6133: 'errors' is declared but its value is never read.
src/features/jobs/components/alerts/AlertForm.tsx(143,34): error TS2345: Argument of type '(data: CreateAlertRequest) => void' is not assignable to parameter of type 'SubmitHandler<{ keywords?: string[] | undefined; location?: string | undefined; remote?: boolean | undefined; jobTypes?: string[] | undefined; experienceLevels?: string[] | undefined; models?: string[] | undefined; salaryMin?: number | undefined; salaryMax?: number | undefined; emailFrequency?: "instant" | ... 2 mor...'.
  Types of parameters 'data' and 'data' are incompatible.
    Type '{ keywords?: string[] | undefined; location?: string | undefined; remote?: boolean | undefined; jobTypes?: string[] | undefined; experienceLevels?: string[] | undefined; models?: string[] | undefined; salaryMin?: number | undefined; salaryMax?: number | undefined; emailFrequency?: "instant" | ... 2 more ... | undefi...' is not assignable to type 'CreateAlertRequest'.
      Types of property 'jobTypes' are incompatible.
        Type 'string[] | undefined' is not assignable to type 'EmploymentType[] | undefined'.
          Type 'string[]' is not assignable to type 'EmploymentType[]'.
            Type 'string' is not assignable to type 'EmploymentType'.
src/features/jobs/components/analytics/DateRangeSelector.tsx(37,9): error TS6133: 'currentLabel' is declared but its value is never read.
src/features/jobs/components/analytics/ExperienceLevelChart.tsx(74,17): error TS2322: Type '({ cx, cy, midAngle, innerRadius, outerRadius, percent, }: { cx: number; cy: number; midAngle: number; innerRadius: number; outerRadius: number; percent: number; }) => JSX.Element | null' is not assignable to type 'PieLabel | undefined'.
  Type '({ cx, cy, midAngle, innerRadius, outerRadius, percent, }: { cx: number; cy: number; midAngle: number; innerRadius: number; outerRadius: number; percent: number; }) => JSX.Element | null' is not assignable to type '(props: PieLabelRenderProps) => ReactNode | ReactElement<SVGElement, string | JSXElementConstructor<any>>'.
    Types of parameters '__0' and 'props' are incompatible.
      Type 'PieLabelRenderProps' is missing the following properties from type '{ cx: number; cy: number; midAngle: number; innerRadius: number; outerRadius: number; percent: number; }': midAngle, innerRadius, outerRadius, percent
src/features/jobs/components/analytics/ExperienceLevelChart.tsx(79,33): error TS6133: 'entry' is declared but its value is never read.
src/features/jobs/components/analytics/MetricCard.tsx(3,10): error TS1484: 'LucideIcon' is a type and must be imported using a type-only import when 'verbatimModuleSyntax' is enabled.
src/features/jobs/components/analytics/TrafficSourcesChart.tsx(65,44): error TS6133: 'name' is declared but its value is never read.
src/features/jobs/components/analytics/TrafficSourcesChart.tsx(77,33): error TS6133: 'entry' is declared but its value is never read.
src/features/jobs/components/applications/ApplicationCard.tsx(98,20): error TS2322: Type '"blue" | "gray" | "green" | "purple" | "red" | "yellow"' is not assignable to type '"default" | "destructive" | "outline" | "secondary" | "success" | "primary" | "warning" | "accent" | "tech" | null | undefined'.
  Type '"blue"' is not assignable to type '"default" | "destructive" | "outline" | "secondary" | "success" | "primary" | "warning" | "accent" | "tech" | null | undefined'.
src/features/jobs/components/applications/ApplicationDetail.tsx(105,24): error TS2322: Type '"blue" | "gray" | "green" | "purple" | "red" | "yellow"' is not assignable to type '"default" | "destructive" | "outline" | "secondary" | "success" | "primary" | "warning" | "accent" | "tech" | null | undefined'.
  Type '"blue"' is not assignable to type '"default" | "destructive" | "outline" | "secondary" | "success" | "primary" | "warning" | "accent" | "tech" | null | undefined'.
src/features/jobs/components/applications/StatusTimeline.tsx(61,80): error TS6133: 'currentStatus' is declared but its value is never read.
src/features/jobs/components/apply/ApplicationSuccess.tsx(2,10): error TS2724: '"@radix-ui/react-icons"' has no exported member named 'CheckCircleIcon'. Did you mean 'CheckCircledIcon'?
src/features/jobs/components/apply/ApplyModal.tsx(33,10): error TS6133: 'applicationId' is declared but its value is never read.
src/features/jobs/components/apply/ProfileCompletenessCheck.tsx(3,35): error TS2724: '"@radix-ui/react-icons"' has no exported member named 'CheckCircleIcon'. Did you mean 'CheckCircledIcon'?
src/features/jobs/components/apply/ScreeningQuestions.tsx(2,10): error TS1484: 'Control' is a type and must be imported using a type-only import when 'verbatimModuleSyntax' is enabled.
src/features/jobs/components/ats/ApplicantDetailPanel.tsx(1,27): error TS6133: 'Suspense' is declared but its value is never read.
src/features/jobs/components/ats/ApplicantDetailPanel.tsx(73,3): error TS6133: 'onShare' is declared but its value is never read.
src/features/jobs/components/ats/ApplicantDetailPanel.tsx(74,3): error TS6133: 'isLoading' is declared but its value is never read.
src/features/jobs/components/ats/ApplicantDetailPanel.tsx(78,10): error TS6133: 'selectedStatus' is declared but its value is never read.
src/features/jobs/components/ats/KanbanBoard.tsx(2,49): error TS1484: 'DropResult' is a type and must be imported using a type-only import when 'verbatimModuleSyntax' is enabled.
src/features/jobs/components/candidates/EndorseButton.tsx(86,9): error TS2769: No overload matches this call.
  Overload 1 of 3, '(props: { href: string; } & ButtonOwnProps & Omit<ButtonBaseOwnProps, "classes"> & CommonProps & Omit<DetailedHTMLProps<AnchorHTMLAttributes<HTMLAnchorElement>, HTMLAnchorElement>, "variant" | ... 27 more ... | "startIcon">): Element', gave the following error.
    Type '"default" | "primary"' is not assignable to type 'OverridableStringUnion<"secondary" | "inherit" | "error" | "success" | "primary" | "warning" | "info", ButtonPropsColorOverrides> | undefined'.
      Type '"default"' is not assignable to type 'OverridableStringUnion<"secondary" | "inherit" | "error" | "success" | "primary" | "warning" | "info", ButtonPropsColorOverrides> | undefined'.
  Overload 2 of 3, '(props: { component: ElementType<any, keyof IntrinsicElements>; } & ButtonOwnProps & Omit<ButtonBaseOwnProps, "classes"> & CommonProps & Omit<...>): Element | null', gave the following error.
    Type '"default" | "primary"' is not assignable to type 'OverridableStringUnion<"secondary" | "inherit" | "error" | "success" | "primary" | "warning" | "info", ButtonPropsColorOverrides> | undefined'.
      Type '"default"' is not assignable to type 'OverridableStringUnion<"secondary" | "inherit" | "error" | "success" | "primary" | "warning" | "info", ButtonPropsColorOverrides> | undefined'.
  Overload 3 of 3, '(props: DefaultComponentProps<ExtendButtonBaseTypeMap<ButtonTypeMap<{}, "button">>>): Element | null', gave the following error.
    Type '"default" | "primary"' is not assignable to type 'OverridableStringUnion<"secondary" | "inherit" | "error" | "success" | "primary" | "warning" | "info", ButtonPropsColorOverrides> | undefined'.
      Type '"default"' is not assignable to type 'OverridableStringUnion<"secondary" | "inherit" | "error" | "success" | "primary" | "warning" | "info", ButtonPropsColorOverrides> | undefined'.
src/features/jobs/hooks/index.ts(2,1): error TS2308: Module './useJobs' has already exported a member named 'useApplication'. Consider explicitly re-exporting to resolve the ambiguity.
src/features/jobs/hooks/index.ts(2,1): error TS2308: Module './useJobs' has already exported a member named 'useApplications'. Consider explicitly re-exporting to resolve the ambiguity.
src/features/jobs/hooks/index.ts(2,1): error TS2308: Module './useJobs' has already exported a member named 'useExportApplications'. Consider explicitly re-exporting to resolve the ambiguity.
src/features/jobs/hooks/index.ts(2,1): error TS2308: Module './useJobs' has already exported a member named 'useWithdrawApplication'. Consider explicitly re-exporting to resolve the ambiguity.
src/features/jobs/hooks/useATS.ts(5,3): error TS6196: 'CompanyApplicationsResponse' is declared but never used.
src/features/jobs/hooks/useATS.ts(6,3): error TS6196: 'ATSApplicantDetail' is declared but never used.
src/features/jobs/hooks/useATS.ts(37,5): error TS2353: Object literal may only specify known properties, and 'enabled' does not exist in type 'UseSuspenseQueryOptions<ATSApplicantDetail, Error, ATSApplicantDetail, (string | null)[]>'.
src/features/jobs/hooks/useAnalytics.ts(3,32): error TS6196: 'CompanyAnalytics' is declared but never used.
src/features/jobs/hooks/useAnalytics.ts(3,50): error TS6196: 'JobAnalytics' is declared but never used.
src/features/jobs/hooks/useAnalytics.ts(4,20): error TS6133: 'useCallback' is declared but its value is never read.
src/features/jobs/hooks/useAnalytics.ts(39,5): error TS2353: Object literal may only specify known properties, and 'enabled' does not exist in type 'UseSuspenseQueryOptions<JobAnalytics, Error, JobAnalytics, (string | DateRangeFilter | null | undefined)[]>'.
src/features/jobs/hooks/useApplications.ts(3,38): error TS6196: 'ApplicationsResponse' is declared but never used.
src/features/jobs/hooks/useApplications.ts(29,5): error TS2353: Object literal may only specify known properties, and 'enabled' does not exist in type 'UseSuspenseQueryOptions<Application, Error, Application, (string | null)[]>'.
src/features/jobs/index.ts(8,1): error TS2308: Module './types' has already exported a member named 'JobFilters'. Consider explicitly re-exporting to resolve the ambiguity.
src/features/jobs/pages/AnalyticsDashboardPage.tsx(13,1): error TS6192: All imports in import declaration are unused.
src/features/jobs/pages/AnalyticsDashboardPage.tsx(14,29): error TS6133: 'CardHeader' is declared but its value is never read.
src/features/jobs/pages/AnalyticsDashboardPage.tsx(14,41): error TS6133: 'CardTitle' is declared but its value is never read.
src/features/jobs/pages/AnalyticsDashboardPage.tsx(21,10): error TS6133: 'selectedJobId' is declared but its value is never read.
src/features/jobs/pages/CandidateSearchPage.tsx(27,3): error TS6133: 'ToggleButtonGroup' is declared but its value is never read.
src/features/jobs/pages/CandidateSearchPage.tsx(28,3): error TS6133: 'ToggleButton' is declared but its value is never read.
src/features/jobs/pages/CandidateSearchPage.tsx(307,10): error TS2769: No overload matches this call.
  Overload 1 of 2, '(props: { component: ElementType<any, keyof IntrinsicElements>; } & GridBaseProps & { sx?: SxProps<Theme> | undefined; } & SystemProps<...> & Omit<...>): Element | null', gave the following error.
    Property 'component' is missing in type '{ children: (false | Element | null | undefined)[]; item: true; xs: number; }' but required in type '{ component: ElementType<any, keyof IntrinsicElements>; }'.
  Overload 2 of 2, '(props: DefaultComponentProps<GridTypeMap<{}, "div">>): Element | null', gave the following error.
    Type '{ children: (false | Element | null | undefined)[]; item: true; xs: number; }' is not assignable to type 'IntrinsicAttributes & GridBaseProps & { sx?: SxProps<Theme> | undefined; } & SystemProps<Theme> & Omit<...>'.
      Property 'item' does not exist on type 'IntrinsicAttributes & GridBaseProps & { sx?: SxProps<Theme> | undefined; } & SystemProps<Theme> & Omit<...>'.
src/features/jobs/pages/CandidateSearchPage.tsx(346,20): error TS2769: No overload matches this call.
  Overload 1 of 2, '(props: { component: ElementType<any, keyof IntrinsicElements>; } & GridBaseProps & { sx?: SxProps<Theme> | undefined; } & SystemProps<...> & Omit<...>): Element | null', gave the following error.
    Property 'component' is missing in type '{ children: Element; item: true; xs: number; sm: number; md: number; lg: number; key: string; }' but required in type '{ component: ElementType<any, keyof IntrinsicElements>; }'.
  Overload 2 of 2, '(props: DefaultComponentProps<GridTypeMap<{}, "div">>): Element | null', gave the following error.
    Type '{ children: Element; item: true; xs: number; sm: number; md: number; lg: number; key: string; }' is not assignable to type 'IntrinsicAttributes & GridBaseProps & { sx?: SxProps<Theme> | undefined; } & SystemProps<Theme> & Omit<...>'.
      Property 'item' does not exist on type 'IntrinsicAttributes & GridBaseProps & { sx?: SxProps<Theme> | undefined; } & SystemProps<Theme> & Omit<...>'.
src/features/jobs/pages/JobAlertsPage.tsx(320,9): error TS2322: Type '{ children: Element; isOpen: boolean; onClose: () => void; title: string; }' is not assignable to type 'IntrinsicAttributes & DialogProps'.
  Property 'isOpen' does not exist on type 'IntrinsicAttributes & DialogProps'. Did you mean 'open'?
src/features/jobs/pages/JobAlertsPage.tsx(333,9): error TS2322: Type '{ children: Element | null; isOpen: boolean; onClose: () => void; title: string; }' is not assignable to type 'IntrinsicAttributes & DialogProps'.
  Property 'isOpen' does not exist on type 'IntrinsicAttributes & DialogProps'. Did you mean 'open'?
src/features/jobs/pages/JobAlertsPage.tsx(339,13): error TS2322: Type 'JobAlert' is not assignable to type 'Partial<CreateAlertRequest>'.
  Types of property 'location' are incompatible.
    Type 'string | null' is not assignable to type 'string | undefined'.
      Type 'null' is not assignable to type 'string | undefined'.
src/features/jobs/pages/JobDetailPage.tsx(9,3): error TS6133: 'Calendar' is declared but its value is never read.
src/features/jobs/pages/JobDetailPage.tsx(108,19): error TS2322: Type '{ children: string; as: string; href: string; }' is not assignable to type 'IntrinsicAttributes & ButtonProps & RefAttributes<HTMLButtonElement>'.
  Property 'as' does not exist on type 'IntrinsicAttributes & ButtonProps & RefAttributes<HTMLButtonElement>'.
src/features/jobs/pages/JobPostingForm.tsx(18,3): error TS6133: 'basicInfoSchema' is declared but its value is never read.
src/features/jobs/pages/JobPostingForm.tsx(19,3): error TS6133: 'requirementsSchema' is declared but its value is never read.
src/features/jobs/pages/JobPostingForm.tsx(20,3): error TS6133: 'techStackSchema' is declared but its value is never read.
src/features/jobs/pages/JobPostingForm.tsx(21,3): error TS6133: 'detailsSchema' is declared but its value is never read.
src/features/jobs/pages/JobPostingForm.tsx(94,61): error TS2554: Expected 1 arguments, but got 2.
src/features/jobs/pages/JobPostingForm.tsx(110,40): error TS2339: Property 'duplicateJob' does not exist on type '{ getJobs: (params: { page?: number | undefined; limit?: number | undefined; filters?: JobFilters | undefined; }) => Promise<JobsResponse>; getJobBySlug: (slug: string) => Promise<...>; ... 25 more ...; exportAnalyticsPDF: (companyId: string, dateFilter?: DateRangeFilter | undefined) => Promise<...>; }'.
src/features/jobs/pages/JobPostingForm.tsx(113,52): error TS2554: Expected 1 arguments, but got 2.
src/features/jobs/pages/JobPostingForm.tsx(117,57): error TS2554: Expected 1 arguments, but got 2.
src/features/jobs/pages/JobPostingForm.tsx(158,45): error TS2554: Expected 1 arguments, but got 2.
src/features/jobs/pages/JobPostingForm.tsx(161,41): error TS2554: Expected 1 arguments, but got 2.
src/features/jobs/pages/JobPostingForm.tsx(194,67): error TS2554: Expected 1 arguments, but got 2.
src/features/jobs/pages/JobPostingForm.tsx(224,38): error TS2339: Property 'createJob' does not exist on type '{ getJobs: (params: { page?: number | undefined; limit?: number | undefined; filters?: JobFilters | undefined; }) => Promise<JobsResponse>; getJobBySlug: (slug: string) => Promise<...>; ... 25 more ...; exportAnalyticsPDF: (companyId: string, dateFilter?: DateRangeFilter | undefined) => Promise<...>; }'.
src/features/jobs/pages/JobPostingForm.tsx(230,58): error TS2554: Expected 1 arguments, but got 2.
src/features/jobs/pages/JobPostingForm.tsx(237,9): error TS2554: Expected 1 arguments, but got 2.
src/features/jobs/pages/JobPostingForm.tsx(252,38): error TS2339: Property 'createJob' does not exist on type '{ getJobs: (params: { page?: number | undefined; limit?: number | undefined; filters?: JobFilters | undefined; }) => Promise<JobsResponse>; getJobBySlug: (slug: string) => Promise<...>; ... 25 more ...; exportAnalyticsPDF: (companyId: string, dateFilter?: DateRangeFilter | undefined) => Promise<...>; }'.
src/features/jobs/pages/JobPostingForm.tsx(256,41): error TS2554: Expected 1 arguments, but got 2.
src/features/jobs/pages/JobPostingForm.tsx(263,9): error TS2554: Expected 1 arguments, but got 2.
src/features/jobs/pages/SavedJobsPage.tsx(9,10): error TS6133: 'formatDistanceToNow' is declared but its value is never read.
src/features/media/components/MediaCard.tsx(7,10): error TS6133: 'Image' is declared but its value is never read.
src/features/media/components/MediaPicker.tsx(21,15): error TS6196: 'MediaFile' is declared but never used.
src/features/media/components/MediaUploader.tsx(8,18): error TS6133: 'X' is declared but its value is never read.
src/features/media/components/MediaUploader.tsx(10,1): error TS6133: 'Button' is declared but its value is never read.
src/features/media/hooks/useMedia.ts(24,3): error TS6196: 'MediaFile' is declared but never used.
src/features/media/hooks/useMedia.ts(25,3): error TS6196: 'MediaFolder' is declared but never used.
src/features/messages/components/ChatView.tsx(2,10): error TS6133: 'formatDistanceToNow' is declared but its value is never read.
src/features/messages/components/ChatView.tsx(10,1): error TS6133: 'Button' is declared but its value is never read.
src/features/messages/hooks/useSendMessage.ts(3,44): error TS6196: 'MessagesResponse' is declared but never used.
src/features/messages/pages/MessagesPage.tsx(7,1): error TS6133: 'cn' is declared but its value is never read.
src/features/models/components/BenchmarkComparison.tsx(11,3): error TS6133: 'Cell' is declared but its value is never read.
src/features/models/components/BenchmarkComparison.tsx(72,45): error TS7006: Parameter 'model' implicitly has an 'any' type.
src/features/models/components/BenchmarkComparison.tsx(72,52): error TS7006: Parameter 'index' implicitly has an 'any' type.
src/features/models/components/BenchmarkComparison.tsx(78,42): error TS7006: Parameter 'benchmark' implicitly has an 'any' type.
src/features/models/components/BenchmarkComparison.tsx(84,31): error TS7006: Parameter 'score' implicitly has an 'any' type.
src/features/models/components/BenchmarkComparison.tsx(85,44): error TS7006: Parameter 'm' implicitly has an 'any' type.
src/features/models/components/BenchmarkComparison.tsx(97,25): error TS7006: Parameter 'd' implicitly has an 'any' type.
src/features/models/components/BenchmarkComparison.tsx(119,37): error TS7006: Parameter 'benchmark' implicitly has an 'any' type.
src/features/models/components/BenchmarkComparison.tsx(132,34): error TS7006: Parameter 'model' implicitly has an 'any' type.
src/features/models/components/BenchmarkComparison.tsx(180,57): error TS7006: Parameter 'd' implicitly has an 'any' type.
src/features/models/components/BenchmarkComparison.tsx(227,38): error TS7006: Parameter 'model' implicitly has an 'any' type.
src/features/models/components/BenchmarkComparison.tsx(248,40): error TS7006: Parameter 'model' implicitly has an 'any' type.
src/features/models/components/BenchmarkComparison.tsx(259,37): error TS7006: Parameter 'benchmark' implicitly has an 'any' type.
src/features/models/components/BenchmarkComparison.tsx(259,48): error TS7006: Parameter 'idx' implicitly has an 'any' type.
src/features/models/components/BenchmarkComparison.tsx(276,42): error TS7006: Parameter 'model' implicitly has an 'any' type.
src/features/models/components/BenchmarkComparison.tsx(277,58): error TS7006: Parameter 's' implicitly has an 'any' type.
src/features/models/components/CommunityResources.tsx(78,32): error TS7006: Parameter 'resource' implicitly has an 'any' type.
src/features/models/components/CommunityResources.tsx(90,22): error TS7053: Element implicitly has an 'any' type because expression of type 'any' can't be used to index type 'Record<"article" | "video" | "tutorial" | "use_case", string>'.
src/features/models/components/CommunityResources.tsx(100,86): error TS7053: Element implicitly has an 'any' type because expression of type 'any' can't be used to index type 'Record<"article" | "video" | "tutorial" | "use_case", string>'.
src/features/models/components/CommunityResources.tsx(102,26): error TS7053: Element implicitly has an 'any' type because expression of type 'any' can't be used to index type 'Record<"article" | "video" | "tutorial" | "use_case", string>'.
src/features/models/components/ComparisonExportMenu.tsx(165,9): error TS2322: Type '{ children: Element; isOpen: boolean; onClose: () => void; title: string; }' is not assignable to type 'IntrinsicAttributes & DialogProps'.
  Property 'isOpen' does not exist on type 'IntrinsicAttributes & DialogProps'. Did you mean 'open'?
src/features/models/components/ComparisonSelector.tsx(32,6): error TS7006: Parameter 'model' implicitly has an 'any' type.
src/features/models/components/ComparisonSelector.tsx(133,38): error TS7006: Parameter 'model' implicitly has an 'any' type.
src/features/models/components/ComparisonTable.tsx(96,26): error TS2322: Type 'string[] | undefined' is not assignable to type 'string | number | boolean | undefined'.
  Type 'string[]' is not assignable to type 'string | number | boolean | undefined'.
src/features/models/components/ComparisonTable.tsx(102,26): error TS2322: Type 'string[] | undefined' is not assignable to type 'string | number | boolean | undefined'.
  Type 'string[]' is not assignable to type 'string | number | boolean | undefined'.
src/features/models/components/ModelVersions.tsx(2,25): error TS2307: Cannot find module '@radix-ui/react-select' or its corresponding type declarations.
src/features/models/components/ModelVersions.tsx(5,1): error TS6133: 'ModelVersion' is declared but its value is never read.
src/features/models/components/ModelVersions.tsx(47,45): error TS7006: Parameter 'v' implicitly has an 'any' type.
src/features/models/components/ModelVersions.tsx(49,27): error TS7006: Parameter 'v' implicitly has an 'any' type.
src/features/models/components/ModelVersions.tsx(76,39): error TS7006: Parameter 'version' implicitly has an 'any' type.
src/features/models/components/ModelVersions.tsx(140,49): error TS7006: Parameter 'feature' implicitly has an 'any' type.
src/features/models/components/ModelVersions.tsx(140,58): error TS7006: Parameter 'idx' implicitly has an 'any' type.
src/features/models/components/ModelVersions.tsx(156,53): error TS7006: Parameter 'improvement' implicitly has an 'any' type.
src/features/models/components/ModelVersions.tsx(156,66): error TS7006: Parameter 'idx' implicitly has an 'any' type.
src/features/models/components/ModelVersions.tsx(179,35): error TS7006: Parameter 'version' implicitly has an 'any' type.
src/features/models/components/ModelVersions.tsx(179,44): error TS6133: 'index' is declared but its value is never read.
src/features/models/components/ModelVersions.tsx(179,44): error TS7006: Parameter 'index' implicitly has an 'any' type.
src/features/models/components/RelatedModels.tsx(5,1): error TS6133: 'ModelStatusBadge' is declared but its value is never read.
src/features/models/components/RelatedModels.tsx(47,29): error TS7006: Parameter 'model' implicitly has an 'any' type.
src/features/models/components/__tests__/ComparisonTable.test.tsx(11,5): error TS2322: Type 'string' is not assignable to type 'ModelProvider'.
src/features/models/components/__tests__/ComparisonTable.test.tsx(12,5): error TS2322: Type '"Best Overall"' is not assignable to type 'ModelCategory'.
src/features/models/components/__tests__/ComparisonTable.test.tsx(28,5): error TS2322: Type 'string' is not assignable to type 'ModelProvider'.
src/features/models/components/__tests__/ComparisonTable.test.tsx(29,5): error TS2322: Type '"Best Overall"' is not assignable to type 'ModelCategory'.
src/features/models/components/__tests__/ComparisonTable.test.tsx(45,5): error TS2322: Type 'string' is not assignable to type 'ModelProvider'.
src/features/models/components/__tests__/ComparisonTable.test.tsx(46,5): error TS2322: Type '"Largest Context"' is not assignable to type 'ModelCategory'.
src/features/models/components/__tests__/ComparisonTable.test.tsx(206,29): error TS2322: Type '(Model | { id: number; name: string; slug: string; provider: string; category: string; contextWindow: number; maxOutputTokens: number; inputPricePerMToken: number; outputPricePerMToken: number; ... 5 more ...; officialDocsUrl: string; })[]' is not assignable to type 'Model[]'.
  Type 'Model | { id: number; name: string; slug: string; provider: string; category: string; contextWindow: number; maxOutputTokens: number; inputPricePerMToken: number; outputPricePerMToken: number; ... 5 more ...; officialDocsUrl: string; }' is not assignable to type 'Model'.
    Type '{ id: number; name: string; slug: string; provider: string; category: string; contextWindow: number; maxOutputTokens: number; inputPricePerMToken: number; outputPricePerMToken: number; capabilities: string[]; ... 4 more ...; officialDocsUrl: string; }' is missing the following properties from type 'Model': description, specs, benchmarks, followerCount, and 2 more.
src/features/models/components/__tests__/ModelVersions.test.tsx(2,35): error TS6133: 'fireEvent' is declared but its value is never read.
src/features/models/hooks/useModelComparison.ts(4,15): error TS6196: 'Model' is declared but never used.
src/features/models/hooks/useModelComparison.ts(30,28): error TS2339: Property 'data' does not exist on type 'ModelComparisonResponse'.
src/features/models/hooks/useModelComparison.ts(32,5): error TS2353: Object literal may only specify known properties, and 'enabled' does not exist in type 'UseSuspenseQueryOptions<any, Error, any, readonly ["model-comparisons", "compare", string]>'.
src/features/models/hooks/useModelComparison.ts(46,28): error TS2339: Property 'data' does not exist on type 'SavedComparison'.
src/features/models/hooks/useModelComparison.ts(60,28): error TS2339: Property 'data' does not exist on type 'SavedComparison[]'.
src/features/models/hooks/useModelComparison.ts(73,28): error TS2339: Property 'data' does not exist on type '{ id: string; url: string; }'.
src/features/models/hooks/useModelComparison.ts(86,28): error TS2339: Property 'data' does not exist on type 'ModelComparisonResponse'.
src/features/models/hooks/useModelComparison.ts(88,5): error TS2353: Object literal may only specify known properties, and 'enabled' does not exist in type 'UseSuspenseQueryOptions<any, Error, any, readonly ["model-comparisons", "shared", string]>'.
src/features/models/hooks/useModels.ts(53,28): error TS2339: Property 'data' does not exist on type 'ModelListResponse'.
src/features/models/hooks/useModels.ts(64,28): error TS2339: Property 'data' does not exist on type 'Model'.
src/features/models/hooks/useModels.ts(77,28): error TS2339: Property 'data' does not exist on type '{ articles: ModelNewsItem[]; total: number; page: number; hasMore: boolean; }'.
src/features/models/hooks/useModels.ts(94,28): error TS2339: Property 'data' does not exist on type '{ discussions: ModelDiscussion[]; total: number; }'.
src/features/models/hooks/useModels.ts(107,28): error TS2339: Property 'data' does not exist on type '{ jobs: ModelJob[]; total: number; }'.
src/features/models/hooks/useModels.ts(121,28): error TS2339: Property 'data' does not exist on type '{ isFollowing: boolean; followerCount: number; }'.
src/features/models/hooks/useModels.ts(143,28): error TS2339: Property 'data' does not exist on type 'ModelVersionsResponse'.
src/features/models/hooks/useModels.ts(154,28): error TS2339: Property 'data' does not exist on type '{ benchmarks: any[]; }'.
src/features/models/hooks/useModels.ts(167,28): error TS2339: Property 'data' does not exist on type '{ models: RelatedModel[]; total: number; }'.
src/features/models/hooks/useModels.ts(180,28): error TS2339: Property 'data' does not exist on type '{ resources: CommunityResource[]; total: number; }'.
src/features/models/hooks/useModels.ts(195,28): error TS2339: Property 'data' does not exist on type 'BenchmarkComparisonData'.
src/features/models/pages/ModelListPage.tsx(100,27): error TS7006: Parameter 'model' implicitly has an 'any' type.
src/features/news/components/EmptyState.tsx(37,35): error TS2322: Type '"primary"' is not assignable to type '"link" | "default" | "destructive" | "outline" | "secondary" | "ghost" | null | undefined'.
src/features/news/components/RevisionHistory.tsx(30,11): error TS2339: Property 'showToast' does not exist on type '{ toasts: Toast[]; toast: { success: (message: string, title?: string | undefined) => string; error: (message: string, title?: string | undefined) => string; info: (message: string, title?: string | undefined) => string; warning: (message: string, title?: string | undefined) => string; }; removeToast: (id: string) =...'.
src/features/news/components/SearchBar.tsx(25,22): error TS2554: Expected 1 arguments, but got 0.
src/features/news/components/SearchBar.tsx(25,29): error TS2503: Cannot find namespace 'NodeJS'.
src/features/news/components/TagFilter.tsx(26,17): error TS2345: Argument of type '{ tags: TagOption[]; }' is not assignable to parameter of type 'SetStateAction<TagOption[]>'.
src/features/news/hooks/useArticleAnalytics.test.ts(143,5): error TS2304: Cannot find name 'global'.
src/features/news/hooks/useArticleAnalytics.test.ts(161,12): error TS2304: Cannot find name 'global'.
src/features/news/hooks/useArticleAnalytics.ts(51,39): error TS2503: Cannot find namespace 'NodeJS'.
src/features/news/pages/ArticleDetailPage.tsx(27,5): error TS2322: Type 'RefObject<HTMLDivElement | null>' is not assignable to type 'RefObject<HTMLElement>'.
  Type 'HTMLDivElement | null' is not assignable to type 'HTMLElement'.
    Type 'null' is not assignable to type 'HTMLElement'.
src/features/news/pages/ArticleDetailPage.tsx(46,24): error TS2339: Property 'updatedAt' does not exist on type 'Article'.
src/features/news/pages/ArticleDetailPage.tsx(48,28): error TS2339: Property 'name' does not exist on type 'Author'.
src/features/news/pages/ArticleDetailPage.tsx(72,31): error TS2339: Property 'updatedAt' does not exist on type 'Article'.
src/features/news/pages/NewsHomePage.tsx(160,15): error TS2322: Type '{ selected: DifficultyLevel | undefined; onChange: (difficulty: DifficultyLevel | undefined) => void; }' is not assignable to type 'IntrinsicAttributes & DifficultyFilterProps'.
  Property 'selected' does not exist on type 'IntrinsicAttributes & DifficultyFilterProps'.
src/features/news/utils/analyticsUtils.ts(140,16): error TS2503: Cannot find namespace 'NodeJS'.
src/features/notifications/__tests__/NotificationBell.test.tsx(55,7): error TS2353: Object literal may only specify known properties, and 'page' does not exist in type 'NotificationsResponse'.
src/features/notifications/__tests__/NotificationBell.test.tsx(60,68): error TS2353: Object literal may only specify known properties, and 'count' does not exist in type 'UnreadCountResponse'.
src/features/notifications/__tests__/NotificationBell.test.tsx(68,68): error TS2353: Object literal may only specify known properties, and 'count' does not exist in type 'UnreadCountResponse'.
src/features/notifications/__tests__/NotificationBell.test.tsx(73,7): error TS2353: Object literal may only specify known properties, and 'page' does not exist in type 'NotificationsResponse'.
src/features/notifications/__tests__/NotificationBell.test.tsx(86,68): error TS2353: Object literal may only specify known properties, and 'count' does not exist in type 'UnreadCountResponse'.
src/features/notifications/__tests__/NotificationBell.test.tsx(89,7): error TS2322: Type '({ id: string; type: "forum_reply"; title: string; message: string; readAt: null; createdAt: string; data: { topicId: string; articleId?: undefined; }; } | { id: string; type: "news_trending"; title: string; message: string; readAt: null; createdAt: string; data: { ...; }; })[]' is not assignable to type 'Notification[]'.
  Type '{ id: string; type: "forum_reply"; title: string; message: string; readAt: null; createdAt: string; data: { topicId: string; articleId?: undefined; }; } | { id: string; type: "news_trending"; title: string; message: string; readAt: null; createdAt: string; data: { ...; }; }' is not assignable to type 'Notification'.
    Type '{ id: string; type: "forum_reply"; title: string; message: string; readAt: null; createdAt: string; data: { topicId: string; articleId?: undefined; }; }' is missing the following properties from type 'Notification': userId, subtype, deliveryChannels, updatedAt
src/features/notifications/__tests__/NotificationBell.test.tsx(108,68): error TS2353: Object literal may only specify known properties, and 'count' does not exist in type 'UnreadCountResponse'.
src/features/notifications/__tests__/NotificationBell.test.tsx(113,7): error TS2353: Object literal may only specify known properties, and 'page' does not exist in type 'NotificationsResponse'.
src/features/notifications/__tests__/NotificationBell.test.tsx(129,68): error TS2353: Object literal may only specify known properties, and 'count' does not exist in type 'UnreadCountResponse'.
src/features/notifications/__tests__/NotificationBell.test.tsx(132,7): error TS2322: Type '({ id: string; type: "forum_reply"; title: string; message: string; readAt: null; createdAt: string; data: { topicId: string; articleId?: undefined; }; } | { id: string; type: "news_trending"; title: string; message: string; readAt: null; createdAt: string; data: { ...; }; })[]' is not assignable to type 'Notification[]'.
  Type '{ id: string; type: "forum_reply"; title: string; message: string; readAt: null; createdAt: string; data: { topicId: string; articleId?: undefined; }; } | { id: string; type: "news_trending"; title: string; message: string; readAt: null; createdAt: string; data: { ...; }; }' is not assignable to type 'Notification'.
    Type '{ id: string; type: "forum_reply"; title: string; message: string; readAt: null; createdAt: string; data: { topicId: string; articleId?: undefined; }; }' is missing the following properties from type 'Notification': userId, subtype, deliveryChannels, updatedAt
src/features/notifications/__tests__/NotificationBell.test.tsx(139,55): error TS2339: Property 'markAsRead' does not exist on type 'typeof import("/home/user/NEURM/frontend/src/features/notifications/api/notificationsApi")'.
src/features/notifications/__tests__/NotificationBell.test.tsx(160,32): error TS2353: Object literal may only specify known properties, and 'count' does not exist in type 'UnreadCountResponse'.
src/features/notifications/__tests__/NotificationBell.test.tsx(161,32): error TS2353: Object literal may only specify known properties, and 'count' does not exist in type 'UnreadCountResponse'.
src/features/notifications/__tests__/NotificationBell.test.tsx(164,7): error TS2322: Type '({ id: string; type: "forum_reply"; title: string; message: string; readAt: null; createdAt: string; data: { topicId: string; articleId?: undefined; }; } | { id: string; type: "news_trending"; title: string; message: string; readAt: null; createdAt: string; data: { ...; }; })[]' is not assignable to type 'Notification[]'.
  Type '{ id: string; type: "forum_reply"; title: string; message: string; readAt: null; createdAt: string; data: { topicId: string; articleId?: undefined; }; } | { id: string; type: "news_trending"; title: string; message: string; readAt: null; createdAt: string; data: { ...; }; }' is not assignable to type 'Notification'.
    Type '{ id: string; type: "forum_reply"; title: string; message: string; readAt: null; createdAt: string; data: { topicId: string; articleId?: undefined; }; }' is missing the following properties from type 'Notification': userId, subtype, deliveryChannels, updatedAt
src/features/notifications/__tests__/NotificationBell.test.tsx(171,32): error TS2339: Property 'markAsRead' does not exist on type 'typeof import("/home/user/NEURM/frontend/src/features/notifications/api/notificationsApi")'.
src/features/notifications/__tests__/NotificationBell.test.tsx(196,68): error TS2353: Object literal may only specify known properties, and 'count' does not exist in type 'UnreadCountResponse'.
src/features/notifications/__tests__/NotificationBell.test.tsx(199,7): error TS2322: Type '({ id: string; type: "forum_reply"; title: string; message: string; readAt: null; createdAt: string; data: { topicId: string; articleId?: undefined; }; } | { id: string; type: "news_trending"; title: string; message: string; readAt: null; createdAt: string; data: { ...; }; })[]' is not assignable to type 'Notification[]'.
  Type '{ id: string; type: "forum_reply"; title: string; message: string; readAt: null; createdAt: string; data: { topicId: string; articleId?: undefined; }; } | { id: string; type: "news_trending"; title: string; message: string; readAt: null; createdAt: string; data: { ...; }; }' is not assignable to type 'Notification'.
    Type '{ id: string; type: "forum_reply"; title: string; message: string; readAt: null; createdAt: string; data: { topicId: string; articleId?: undefined; }; }' is missing the following properties from type 'Notification': userId, subtype, deliveryChannels, updatedAt
src/features/notifications/__tests__/NotificationBell.test.tsx(217,68): error TS2353: Object literal may only specify known properties, and 'count' does not exist in type 'UnreadCountResponse'.
src/features/notifications/__tests__/NotificationBell.test.tsx(220,7): error TS2322: Type '({ id: string; type: "forum_reply"; title: string; message: string; readAt: null; createdAt: string; data: { topicId: string; articleId?: undefined; }; } | { id: string; type: "news_trending"; title: string; message: string; readAt: null; createdAt: string; data: { ...; }; })[]' is not assignable to type 'Notification[]'.
  Type '{ id: string; type: "forum_reply"; title: string; message: string; readAt: null; createdAt: string; data: { topicId: string; articleId?: undefined; }; } | { id: string; type: "news_trending"; title: string; message: string; readAt: null; createdAt: string; data: { ...; }; }' is not assignable to type 'Notification'.
    Type '{ id: string; type: "forum_reply"; title: string; message: string; readAt: null; createdAt: string; data: { topicId: string; articleId?: undefined; }; }' is missing the following properties from type 'Notification': userId, subtype, deliveryChannels, updatedAt
src/features/notifications/__tests__/NotificationBell.test.tsx(227,58): error TS2339: Property 'markAllAsRead' does not exist on type 'typeof import("/home/user/NEURM/frontend/src/features/notifications/api/notificationsApi")'.
src/features/notifications/__tests__/NotificationBell.test.tsx(244,68): error TS2353: Object literal may only specify known properties, and 'count' does not exist in type 'UnreadCountResponse'.
src/features/notifications/__tests__/NotificationBell.test.tsx(250,7): error TS2353: Object literal may only specify known properties, and 'page' does not exist in type 'NotificationsResponse'.
src/features/notifications/__tests__/NotificationsList.test.tsx(60,7): error TS2322: Type '({ id: string; type: "forum_reply"; title: string; message: string; readAt: null; createdAt: string; data: { topicId: string; articleId?: undefined; jobId?: undefined; }; } | { id: string; type: "news_trending"; ... 4 more ...; createdAt?: undefined; } | { ...; })[]' is not assignable to type 'Notification[]'.
  Type '{ id: string; type: "forum_reply"; title: string; message: string; readAt: null; createdAt: string; data: { topicId: string; articleId?: undefined; jobId?: undefined; }; } | { id: string; type: "news_trending"; ... 4 more ...; createdAt?: undefined; } | { ...; }' is not assignable to type 'Notification'.
    Type '{ id: string; type: "forum_reply"; title: string; message: string; readAt: null; createdAt: string; data: { topicId: string; articleId?: undefined; jobId?: undefined; }; }' is missing the following properties from type 'Notification': userId, subtype, deliveryChannels, updatedAt
src/features/notifications/__tests__/NotificationsList.test.tsx(79,23): error TS2322: Type '{ id: string; type: "forum_reply"; title: string; message: string; readAt: null; createdAt: string; data: { topicId: string; articleId?: undefined; jobId?: undefined; }; } | { id: string; type: "news_trending"; ... 4 more ...; createdAt?: undefined; } | { ...; }' is not assignable to type 'Notification'.
  Type '{ id: string; type: "forum_reply"; title: string; message: string; readAt: null; createdAt: string; data: { topicId: string; articleId?: undefined; jobId?: undefined; }; }' is missing the following properties from type 'Notification': userId, subtype, deliveryChannels, updatedAt
src/features/notifications/__tests__/NotificationsList.test.tsx(108,23): error TS2322: Type '{ id: string; type: "forum_reply"; title: string; message: string; readAt: null; createdAt: string; data: { topicId: string; articleId?: undefined; jobId?: undefined; }; } | { id: string; type: "news_trending"; ... 4 more ...; createdAt?: undefined; } | { ...; }' is not assignable to type 'Notification'.
  Type '{ id: string; type: "forum_reply"; title: string; message: string; readAt: null; createdAt: string; data: { topicId: string; articleId?: undefined; jobId?: undefined; }; }' is missing the following properties from type 'Notification': userId, subtype, deliveryChannels, updatedAt
src/features/notifications/__tests__/NotificationsList.test.tsx(134,7): error TS2322: Type '({ id: string; type: "forum_reply"; title: string; message: string; readAt: null; createdAt: string; data: { topicId: string; articleId?: undefined; jobId?: undefined; }; } | { id: string; type: "news_trending"; ... 4 more ...; createdAt?: undefined; } | { ...; })[]' is not assignable to type 'Notification[]'.
  Type '{ id: string; type: "forum_reply"; title: string; message: string; readAt: null; createdAt: string; data: { topicId: string; articleId?: undefined; jobId?: undefined; }; } | { id: string; type: "news_trending"; ... 4 more ...; createdAt?: undefined; } | { ...; }' is not assignable to type 'Notification'.
    Type '{ id: string; type: "forum_reply"; title: string; message: string; readAt: null; createdAt: string; data: { topicId: string; articleId?: undefined; jobId?: undefined; }; }' is missing the following properties from type 'Notification': userId, subtype, deliveryChannels, updatedAt
src/features/notifications/__tests__/NotificationsList.test.tsx(146,11): error TS2322: Type '"social_follow"' is not assignable to type 'NotificationType'.
src/features/notifications/__tests__/NotificationsList.test.tsx(177,7): error TS2322: Type '({ id: string; type: "forum_reply"; title: string; message: string; readAt: null; createdAt: string; data: { topicId: string; articleId?: undefined; jobId?: undefined; }; } | { id: string; type: "news_trending"; ... 4 more ...; createdAt?: undefined; } | { ...; })[]' is not assignable to type 'Notification[]'.
  Type '{ id: string; type: "forum_reply"; title: string; message: string; readAt: null; createdAt: string; data: { topicId: string; articleId?: undefined; jobId?: undefined; }; } | { id: string; type: "news_trending"; ... 4 more ...; createdAt?: undefined; } | { ...; }' is not assignable to type 'Notification'.
    Type '{ id: string; type: "forum_reply"; title: string; message: string; readAt: null; createdAt: string; data: { topicId: string; articleId?: undefined; jobId?: undefined; }; }' is missing the following properties from type 'Notification': userId, subtype, deliveryChannels, updatedAt
src/features/notifications/__tests__/NotificationsList.test.tsx(185,46): error TS2345: Argument of type 'undefined' is not assignable to parameter of type 'DeleteNotificationResponse'.
src/features/notifications/__tests__/NotificationsList.test.tsx(201,7): error TS2353: Object literal may only specify known properties, and 'page' does not exist in type 'NotificationsResponse'.
src/features/notifications/hooks/useNotifications.ts(25,9): error TS6133: 'queryClient' is declared but its value is never read.
src/features/notifications/pages/NotificationsPage.tsx(13,1): error TS6133: 'getNotificationTypeLabel' is declared but its value is never read.
src/features/profile/components/PremiumUpsell.tsx(156,15): error TS2322: Type '"primary"' is not assignable to type '"link" | "default" | "destructive" | "outline" | "secondary" | "ghost" | null | undefined'.
src/features/profile/components/PremiumUpsell.tsx(162,15): error TS2322: Type '{ children: string; as: ForwardRefExoticComponent<LinkProps & RefAttributes<HTMLAnchorElement>>; to: string; variant: "outline"; size: "lg"; }' is not assignable to type 'IntrinsicAttributes & ButtonProps & RefAttributes<HTMLButtonElement>'.
  Property 'as' does not exist on type 'IntrinsicAttributes & ButtonProps & RefAttributes<HTMLButtonElement>'.
src/features/profile/components/ViewsChart.tsx(10,3): error TS1484: 'TooltipProps' is a type and must be imported using a type-only import when 'verbatimModuleSyntax' is enabled.
src/features/profile/components/ViewsChart.tsx(24,74): error TS2339: Property 'payload' does not exist on type 'TooltipProps<number, string>'.
src/features/profile/components/ViewsChart.tsx(24,83): error TS2339: Property 'label' does not exist on type 'TooltipProps<number, string>'.
src/features/profile/components/ViewsChart.tsx(63,36): error TS2339: Property 'DateFormat' does not exist on type 'typeof Intl'.
src/features/profile/pages/ProfileViewsPage.tsx(24,5): error TS2353: Object literal may only specify known properties, and 'enabled' does not exist in type 'UseSuspenseQueryOptions<ProfileViewsData, Error, ProfileViewsData, (string | number)[]>'.
src/features/recommendations/components/FeedbackButtons.tsx(3,1): error TS6133: 'Button' is declared but its value is never read.
src/features/recommendations/components/FeedbackButtons.tsx(15,3): error TS6133: 'itemType' is declared but its value is never read.
src/features/recommendations/components/FeedbackButtons.tsx(16,3): error TS6133: 'itemId' is declared but its value is never read.
src/features/recommendations/components/RecommendationCard.tsx(25,1): error TS6133: 'cn' is declared but its value is never read.
src/features/recommendations/components/RecommendationCard.tsx(259,3): error TS6133: 'position' is declared but its value is never read.
src/features/recommendations/components/RecommendationsSection.tsx(21,3): error TS6133: 'emptyMessage' is declared but its value is never read.
src/features/recommendations/components/RecommendationsSidebar.tsx(1,30): error TS6133: 'useMemo' is declared but its value is never read.
src/features/recommendations/components/RecommendationsSidebar.tsx(22,3): error TS6133: 'emptyMessage' is declared but its value is never read.
src/features/search/components/SearchAutocomplete.tsx(10,1): error TS6133: 'cn' is declared but its value is never read.
src/features/search/components/SearchAutocomplete.tsx(38,9): error TS6133: 'navigate' is declared but its value is never read.
src/features/search/components/SearchAutocomplete.tsx(170,16): error TS18046: 'suggestions' is of type 'unknown'.
src/features/search/components/SearchAutocomplete.tsx(170,45): error TS7006: Parameter 'suggestion' implicitly has an 'any' type.
src/features/search/components/SearchAutocomplete.tsx(170,57): error TS7006: Parameter 'index' implicitly has an 'any' type.
src/features/search/index.ts(8,10): error TS2300: Duplicate identifier 'SearchFilters'.
src/features/search/index.ts(41,3): error TS2300: Duplicate identifier 'SearchFilters'.
src/features/search/pages/SearchResultsPage.tsx(299,53): error TS7006: Parameter 'result' implicitly has an 'any' type.
src/features/user/components/AvatarUpload.tsx(2,10): error TS6133: 'Camera' is declared but its value is never read.
src/features/user/components/AvatarUpload.tsx(4,1): error TS6133: 'uploadAvatar' is declared but its value is never read.
src/features/user/components/AvatarUpload.tsx(31,10): error TS6133: 'selectedImage' is declared but its value is never read.
src/features/user/components/CoverImageUpload.tsx(4,1): error TS6133: 'uploadCoverImage' is declared but its value is never read.
src/features/user/components/CoverImageUpload.tsx(29,10): error TS6133: 'selectedImage' is declared but its value is never read.
src/features/user/components/ImageUploadButton.tsx(93,9): error TS2322: Type '"outline" | "secondary" | "primary"' is not assignable to type '"link" | "default" | "destructive" | "outline" | "secondary" | "ghost" | null | undefined'.
  Type '"primary"' is not assignable to type '"link" | "default" | "destructive" | "outline" | "secondary" | "ghost" | null | undefined'.
src/features/user/components/ImageUploadButton.tsx(94,9): error TS2322: Type '"sm" | "lg" | "md"' is not assignable to type '"default" | "sm" | "lg" | "icon" | null | undefined'.
  Type '"md"' is not assignable to type '"default" | "sm" | "lg" | "icon" | null | undefined'.
src/features/user/components/forms/ImagesForm.tsx(22,70): error TS6133: 'onDirty' is declared but its value is never read.
src/features/user/components/forms/LLMExperienceForm.tsx(2,19): error TS6133: 'Controller' is declared but its value is never read.
src/features/user/components/forms/LLMExperienceForm.tsx(32,5): error TS6133: 'control' is declared but its value is never read.
src/features/user/components/forms/PortfolioForm.tsx(61,9): error TS6133: 'isFeatured' is declared but its value is never read.
src/features/user/components/forms/PortfolioForm.tsx(95,16): error TS2345: Argument of type '"thumbnailUrl"' is not assignable to parameter of type '"title" | "description" | "techStack" | "projectUrl" | "githubUrl" | "demoUrl" | "isFeatured" | `techStack.${number}`'.
src/features/user/components/forms/PortfolioForm.tsx(300,32): error TS2345: Argument of type '"thumbnailUrl"' is not assignable to parameter of type '"title" | "description" | "techStack" | "projectUrl" | "githubUrl" | "demoUrl" | "isFeatured" | `techStack.${number}`'.
src/features/user/hooks/useProfile.ts(278,30): error TS2345: Argument of type '{ title: string; description: string; techStack: string[]; projectUrl?: string | undefined; githubUrl?: string | undefined; demoUrl?: string | undefined; isFeatured?: boolean | undefined; } & { ...; }' is not assignable to parameter of type 'Omit<PortfolioProject, "id" | "createdAt" | "displayOrder">'.
  Types of property 'isFeatured' are incompatible.
    Type 'boolean | undefined' is not assignable to type 'boolean'.
      Type 'undefined' is not assignable to type 'boolean'.
src/lib/sentry.ts(35,23): error TS6133: 'hint' is declared but its value is never read.
src/pages/AccessibilityStatement.tsx(13,9): error TS6133: 't' is declared but its value is never read.
src/pages/CookiePolicyPage.tsx(19,34): error TS6133: 'preferences' is declared but its value is never read.
src/pages/CookiePolicyPage.tsx(24,21): error TS18048: 'document' is possibly 'undefined'.
src/pages/CookiePolicyPage.tsx(24,30): error TS2339: Property 'createElement' does not exist on type 'LegalDocument'.
src/pages/CookiePolicyPage.tsx(28,5): error TS18048: 'document' is possibly 'undefined'.
src/pages/CookiePolicyPage.tsx(28,14): error TS2339: Property 'body' does not exist on type 'LegalDocument'.
src/pages/CookiePolicyPage.tsx(109,17): error TS2322: Type '"primary"' is not assignable to type '"link" | "default" | "destructive" | "outline" | "secondary" | "ghost" | null | undefined'.
src/pages/CookiePolicyPage.tsx(110,17): error TS2322: Type '"md"' is not assignable to type '"default" | "sm" | "lg" | "icon" | null | undefined'.
src/pages/CookiePolicyPage.tsx(187,17): error TS2322: Type '"primary"' is not assignable to type '"link" | "default" | "destructive" | "outline" | "secondary" | "ghost" | null | undefined'.
src/pages/CookiePolicyPage.tsx(188,17): error TS2322: Type '"md"' is not assignable to type '"default" | "sm" | "lg" | "icon" | null | undefined'.
src/routes/index.tsx(5,10): error TS2614: Module '"@/components/common/ErrorBoundary"' has no exported member 'ErrorBoundaryWithRetry'. Did you mean to use 'import ErrorBoundaryWithRetry from "@/components/common/ErrorBoundary"' instead?
src/routes/index.tsx(69,116): error TS2339: Property 'CandidateSearchPage' does not exist on type 'typeof import("/home/user/NEURM/frontend/src/features/jobs/pages/CandidateSearchPage")'.
src/routes/index.tsx(116,7): error TS6133: 'HomePage' is declared but its value is never read.
src/test/setup.ts(29,1): error TS2304: Cannot find name 'global'.
src/test/setup.ts(40,1): error TS2304: Cannot find name 'global'.
src/utils/errorHandling.ts(7,13): error TS1294: This syntax is not allowed when 'erasableSyntaxOnly' is enabled.
src/utils/errorHandling.ts(21,13): error TS1294: This syntax is not allowed when 'erasableSyntaxOnly' is enabled.
